Return-Path: <nouveau-bounces@lists.freedesktop.org>
X-Original-To: lists+nouveau@lfdr.de
Delivered-To: lists+nouveau@lfdr.de
Received: from gabe.freedesktop.org (gabe.freedesktop.org [131.252.210.177])
	by mail.lfdr.de (Postfix) with ESMTPS id 72F10CBA9F3
	for <lists+nouveau@lfdr.de>; Sat, 13 Dec 2025 13:41:43 +0100 (CET)
Received: from gabe.freedesktop.org (localhost [127.0.0.1])
	by gabe.freedesktop.org (Postfix) with ESMTP id 7211410EA2F;
	Sat, 13 Dec 2025 12:40:58 +0000 (UTC)
Authentication-Results: gabe.freedesktop.org;
	dkim=permerror (0-bit key) header.d=gmx.com header.i=cletusstubbs@gmx.com header.b="UiXcuPDb";
	dkim-atps=neutral
X-Original-To: nouveau@lists.freedesktop.org
Delivered-To: nouveau@lists.freedesktop.org
Received: from mout.gmx.net (mout.gmx.net [212.227.15.15])
 by gabe.freedesktop.org (Postfix) with ESMTPS id C960E10E046
 for <nouveau@lists.freedesktop.org>; Tue, 27 Aug 2024 18:46:41 +0000 (UTC)
DKIM-Signature: v=1; a=rsa-sha256; c=relaxed/relaxed; d=gmx.com;
 s=s31663417; t=1724784399; x=1725389199; i=cletusstubbs@gmx.com;
 bh=LuOsER3uaj6xTLRnXHPqOSXvOTD+67IT6oz3FHEjiEE=;
 h=X-UI-Sender-Class:MIME-Version:Message-ID:From:To:Subject:
 Content-Type:Date:cc:content-transfer-encoding:content-type:date:
 from:message-id:mime-version:reply-to:subject:to;
 b=UiXcuPDbI5CaO2MdrJ9wVY0ujRsceDPSCYS439ZxirTkdFq9Xrh80+Y8TvGTDeqc
 CBPrbadj5X/f4Al4j/LO4NUr2Qg8a/JphMJju807Krv396o0op99r3TrZ1yVINGjB
 asK8tD4BXdPFilrQJtODrIpGrqVIo2CKCEBIoTLaIhQd8jWNT/C641jqPBBiEO1T8
 dDAZfdecRhvQwUTbzT68ADElZ3Ylulya5jpvLeiZTBP9Vqt9fkjj5m8H1wHUbN1Ck
 KHsQPHcgNRFk26gxFFZtHGnzB6c0Ta+RmJJ7gm6l/RSwRu8iUQvSd0O0NtYG5IakA
 DBePcv1YL36w3CCQBQ==
X-UI-Sender-Class: 724b4f7f-cbec-4199-ad4e-598c01a50d3a
Received: from [185.207.249.217] ([185.207.249.217]) by web-mail.gmx.net
 (3c-app-mailcom-bs13.server.lan [172.19.170.181]) (via HTTP); Tue, 27 Aug
 2024 20:46:39 +0200
MIME-Version: 1.0
Message-ID: <trinity-d721522d-3522-4cf2-87b4-03eedc2ed51d-1724784399354@3c-app-mailcom-bs13>
From: cletus stubbs <cletusstubbs@gmx.com>
To: nouveau@lists.freedesktop.org
Subject: nouveau
Content-Type: multipart/mixed;
 boundary=kenitram-5a4c420e-58bc-48ba-8598-037fd301ba46
Date: Tue, 27 Aug 2024 20:46:39 +0200
Importance: normal
Sensitivity: Normal
X-Priority: 3
X-Provags-ID: V03:K1:MyFmsY+JYb3UrK2dH36SdjH58r9AXCbniPAg7+tsR3le4aKZBljiv9KLxYBJBwAIhIbPo
 c/WbxrWalYvbKSREmsHqAgv73UP/9tM+rGKiWPltFfnPGDrnLbhuOYDoePXhvEaFH4Ri4OCIZHda
 jXuB7lg92PPjvevwWTAZ0b9vk4ymyYDFDwcnrdt9TXux0aDN1Kw3wZJlP71i6Lj4KXWVoGsj0Q9D
 74dY+1W4JjNd4HU3ouArFKGvatdNumaR/Nb2WpaFs0tU3LmJ1KZam5akb38mBLeLwrMMEMHNNrQ/
 Rs=
X-Spam-Flag: NO
UI-OutboundReport: notjunk:1;M01:P0:L2Uzjq7esDE=;tC66YjIYDaCvIbnuSYitDpliEAd
 lswUPcy+hlLoeN6meQ+9AvP5O0oowgRecAdD+cUU220JnjMnxgTNcgw0Poxodtb9SHDXkzKqG
 K7q5jL3HOIXyDHx5hfBvLuYIm+wIxxJpDE+zhNqq198ArQAJoqE8AX15V9+rFAzqxY6v8sSiu
 XxlQxaXKqkW43tB0XhUWhia9Pb1lIAXM5ZBRW67mgRQ+rbGsu73Xo80phJ3FmcozypSFQHOjY
 qyowFywjs/ggmrTRTwlpUAHIHXjaavCzheTqCkCp+gAsSXOs03XEie/+m5jvO4PF/OYlGQyOw
 1wlxtFNO4gVguObaEcSU76hXFfA/XeAri7RqSFN9q/5loHQhttw4b6Aeyq8xLXnEhErJszI+7
 hLEfqnQPIKyLoIB8c319Fcdmwm3+bEzZSvbptyXA0K9BbphYbpbKg2SCU3L4QccXDzshwxcHO
 NAeOlGLoRgNoPAa99R34MFPRCfzi6t/f50nKePuZEYqcyA3xdnDCd9eldtEEPucKsEX4FvBT8
 QQFoEqEuhvKbKV81jXprQmAhEtSMUtyzCVSgtOvzKolgy7HdlhSHQRPdfELZSPUAQPbFokict
 KTi5jhbF2klxFBJ+A1WOw8CS/+0PlR000tJsnoVsVSWRt44dCHSA8eEMvsY1MP04rApsURd9/
 t3sjSJhvHGZH94+kLZFSOlNP5RCwTG2RqhARnTIXVQ==
X-Mailman-Approved-At: Sat, 13 Dec 2025 12:40:47 +0000
X-BeenThere: nouveau@lists.freedesktop.org
X-Mailman-Version: 2.1.29
Precedence: list
List-Id: Nouveau development list <nouveau.lists.freedesktop.org>
List-Unsubscribe: <https://lists.freedesktop.org/mailman/options/nouveau>,
 <mailto:nouveau-request@lists.freedesktop.org?subject=unsubscribe>
List-Archive: <https://lists.freedesktop.org/archives/nouveau>
List-Post: <mailto:nouveau@lists.freedesktop.org>
List-Help: <mailto:nouveau-request@lists.freedesktop.org?subject=help>
List-Subscribe: <https://lists.freedesktop.org/mailman/listinfo/nouveau>,
 <mailto:nouveau-request@lists.freedesktop.org?subject=subscribe>
Errors-To: nouveau-bounces@lists.freedesktop.org
Sender: "Nouveau" <nouveau-bounces@lists.freedesktop.org>

--kenitram-5a4c420e-58bc-48ba-8598-037fd301ba46
Content-Type: text/html; charset=UTF-8

<html><head></head><body><div style="font-family: Verdana;font-size: 12.0px;"><div><span style="font-size:18px;">Hello,</span></div>

<div>&nbsp;</div>

<div><span style="font-size:18px;">I have loss of functionality: see screen shot - move to and copy to don&#39;t do anything.</span></div>

<div><span style="font-size:18px;">Very long boot times.</span></div>

<div><span style="font-size:18px;">You see from the logs what system I have.</span></div>

<div>&nbsp;</div>

<div><span style="font-size:18px;">assistance please,</span></div>

<div>&nbsp;</div>

<div><span style="font-size:18px;">the_whistler</span></div></div></body></html>
--kenitram-5a4c420e-58bc-48ba-8598-037fd301ba46
Content-Type: text/plain
Content-Disposition: attachment; filename=kernel_log.txt
Content-Transfer-Encoding: quoted-printable

[    0.000000] Linux version 6.10.6-200.fc40.x86_64 (mockbuild@f1069ead281=
040288cd8d3761ad1265a) (gcc (GCC) 14.2.1 20240801 (Red Hat 14.2.1-1), GNU =
ld version 2.41-37.fc40) #1 SMP PREEMPT_DYNAMIC Mon Aug 19 14:09:30 UTC 20=
24
[    0.000000] Command line: BOOT_IMAGE=3D(hd1,gpt2)/vmlinuz-6.10.6-200.fc=
40.x86_64 root=3DUUID=3D59545c18-3923-4411-9c12-245ab6cee067 ro rootflags=
=3Dsubvol=3Droot rd.luks.uuid=3Dluks-49436d43-a842-4f89-a4aa-93ea838ffd01 =
rhgb quiet
[    0.000000] x86/split lock detection: #AC: crashing the kernel on kerne=
l split_locks and warning on user-space split_locks
[    0.000000] BIOS-provided physical RAM map:
[    0.000000] BIOS-e820: [mem 0x0000000000000000-0x000000000009efff] usab=
le
[    0.000000] BIOS-e820: [mem 0x000000000009f000-0x00000000000fffff] rese=
rved
[    0.000000] BIOS-e820: [mem 0x0000000000100000-0x000000004cd14fff] usab=
le
[    0.000000] BIOS-e820: [mem 0x000000004cd15000-0x0000000050d10fff] rese=
rved
[    0.000000] BIOS-e820: [mem 0x0000000050d11000-0x0000000051571fff] ACPI=
 NVS
[    0.000000] BIOS-e820: [mem 0x0000000051572000-0x00000000517fefff] ACPI=
 data
[    0.000000] BIOS-e820: [mem 0x00000000517ff000-0x00000000517fffff] usab=
le
[    0.000000] BIOS-e820: [mem 0x0000000051800000-0x00000000561fffff] rese=
rved
[    0.000000] BIOS-e820: [mem 0x0000000056a00000-0x00000000607fffff] rese=
rved
[    0.000000] BIOS-e820: [mem 0x00000000c0000000-0x00000000cfffffff] rese=
rved
[    0.000000] BIOS-e820: [mem 0x00000000f9800000-0x00000000f9ffffff] rese=
rved
[    0.000000] BIOS-e820: [mem 0x00000000fed20000-0x00000000fed7ffff] rese=
rved
[    0.000000] BIOS-e820: [mem 0x00000000ff000000-0x00000000ffffffff] rese=
rved
[    0.000000] BIOS-e820: [mem 0x0000000100000000-0x000000089f7fffff] usab=
le
[    0.000000] NX (Execute Disable) protection: active
[    0.000000] APIC: Static calls initialized
[    0.000000] e820: update [mem 0x47003018-0x47012057] usable =3D=3D> usa=
ble
[    0.000000] extended physical RAM map:
[    0.000000] reserve setup_data: [mem 0x0000000000000000-0x000000000009e=
fff] usable
[    0.000000] reserve setup_data: [mem 0x000000000009f000-0x00000000000ff=
fff] reserved
[    0.000000] reserve setup_data: [mem 0x0000000000100000-0x0000000047003=
017] usable
[    0.000000] reserve setup_data: [mem 0x0000000047003018-0x0000000047012=
057] usable
[    0.000000] reserve setup_data: [mem 0x0000000047012058-0x000000004cd14=
fff] usable
[    0.000000] reserve setup_data: [mem 0x000000004cd15000-0x0000000050d10=
fff] reserved
[    0.000000] reserve setup_data: [mem 0x0000000050d11000-0x0000000051571=
fff] ACPI NVS
[    0.000000] reserve setup_data: [mem 0x0000000051572000-0x00000000517fe=
fff] ACPI data
[    0.000000] reserve setup_data: [mem 0x00000000517ff000-0x00000000517ff=
fff] usable
[    0.000000] reserve setup_data: [mem 0x0000000051800000-0x00000000561ff=
fff] reserved
[    0.000000] reserve setup_data: [mem 0x0000000056a00000-0x00000000607ff=
fff] reserved
[    0.000000] reserve setup_data: [mem 0x00000000c0000000-0x00000000cffff=
fff] reserved
[    0.000000] reserve setup_data: [mem 0x00000000f9800000-0x00000000f9fff=
fff] reserved
[    0.000000] reserve setup_data: [mem 0x00000000fed20000-0x00000000fed7f=
fff] reserved
[    0.000000] reserve setup_data: [mem 0x00000000ff000000-0x00000000fffff=
fff] reserved
[    0.000000] reserve setup_data: [mem 0x0000000100000000-0x000000089f7ff=
fff] usable
[    0.000000] efi: EFI v2.7 by Dell
[    0.000000] efi: ACPI=3D0x517fe000 ACPI 2.0=3D0x517fe014 SMBIOS=3D0x4d5=
a6000 TPMFinalLog=3D0x5147b000 ESRT=3D0x4d53e718 MEMATTR=3D0x470e2018 MOKv=
ar=3D0x4d5a5000 RNG=3D0x5173e018 TPMEventLog=3D0x47013018
[    0.000000] random: crng init done
[    0.000000] efi: Remove mem102: MMIO range=3D[0xc0000000-0xcfffffff] (2=
56MB) from e820 map
[    0.000000] e820: remove [mem 0xc0000000-0xcfffffff] reserved
[    0.000000] efi: Remove mem103: MMIO range=3D[0xf9800000-0xf9ffffff] (8=
MB) from e820 map
[    0.000000] e820: remove [mem 0xf9800000-0xf9ffffff] reserved
[    0.000000] efi: Remove mem105: MMIO range=3D[0xff000000-0xffffffff] (1=
6MB) from e820 map
[    0.000000] e820: remove [mem 0xff000000-0xffffffff] reserved
[    0.000000] secureboot: Secure boot disabled
[    0.000000] SMBIOS 3.4 present.
[    0.000000] DMI: Dell Inc. Precision 3571/07K1M2, BIOS 1.25.0 07/12/202=
4
[    0.000000] DMI: Memory slots populated: 2/2
[    0.000000] tsc: Detected 2700.000 MHz processor
[    0.000000] tsc: Detected 2688.000 MHz TSC
[    0.000005] e820: update [mem 0x00000000-0x00000fff] usable =3D=3D> res=
erved
[    0.000006] e820: remove [mem 0x000a0000-0x000fffff] usable
[    0.000010] last_pfn =3D 0x89f800 max_arch_pfn =3D 0x400000000
[    0.000013] MTRR map: 5 entries (3 fixed + 2 variable; max 23), built f=
rom 10 variable MTRRs
[    0.000015] x86/PAT: Configuration [0-7]: WB  WC  UC- UC  WB  WP  UC- W=
T
[    0.000412] last_pfn =3D 0x51800 max_arch_pfn =3D 0x400000000
[    0.005094] esrt: Reserving ESRT space from 0x000000004d53e718 to 0x000=
000004d53e778.
[    0.005103] Using GB pages for direct mapping
[    0.005104] Incomplete global flushes, disabling PCID
[    0.005268] secureboot: Secure boot disabled
[    0.005268] RAMDISK: [mem 0x35005000-0x39c3afff]
[    0.005272] ACPI: Early table checksum verification disabled
[    0.005274] ACPI: RSDP 0x00000000517FE014 000024 (v02 DELL  )
[    0.005277] ACPI: XSDT 0x0000000051753188 00012C (v01 DELL   Dell Inc 0=
0000002      01000013)
[    0.005281] ACPI: FACP 0x00000000517EE000 000114 (v06 DELL   Dell Inc 0=
0000002      01000013)
[    0.005284] ACPI: DSDT 0x0000000051777000 0734DE (v02 DELL   Dell Inc 0=
0000002      01000013)
[    0.005286] ACPI: FACS 0x00000000514BB000 000040
[    0.005288] ACPI: SSDT 0x00000000517FC000 00038C (v02 PmaxDv Pmax_Dev 0=
0000001 INTL 20200717)
[    0.005290] ACPI: SSDT 0x00000000517F6000 005C55 (v02 CpuRef CpuSsdt  0=
0003000 INTL 20200717)
[    0.005292] ACPI: SSDT 0x00000000517EF000 0066EB (v02 DptfTb DptfTabl 0=
0001000 INTL 20200717)
[    0.005294] ACPI: HPET 0x00000000517ED000 000038 (v01 DELL   Dell Inc 0=
0000002      01000013)
[    0.005296] ACPI: APIC 0x00000000517EC000 0001DC (v05 DELL   Dell Inc 0=
0000002      01000013)
[    0.005298] ACPI: MCFG 0x00000000517EB000 00003C (v01 DELL   Dell Inc 0=
0000002      01000013)
[    0.005300] ACPI: SSDT 0x0000000051775000 001446 (v02 DELL   DellRtd3 0=
0001000 INTL 20200717)
[    0.005302] ACPI: SSDT 0x000000005176F000 00132D (v02 INTEL  IgfxSsdt 0=
0003000 INTL 20200717)
[    0.005304] ACPI: SSDT 0x0000000051761000 00D39F (v02 INTEL  TcssSsdt 0=
0001000 INTL 20200717)
[    0.005305] ACPI: NHLT 0x0000000051760000 0002F1 (v00 DELL   Dell Inc 0=
0000002      01000013)
[    0.005307] ACPI: SSDT 0x000000005175E000 00107C (v02 DELL   UsbCTabl 0=
0001000 INTL 20200717)
[    0.005309] ACPI: LPIT 0x000000005175D000 0000CC (v01 DELL   Dell Inc 0=
0000002      01000013)
[    0.005311] ACPI: WSMT 0x000000005175C000 000028 (v01 DELL   Dell Inc 0=
0000002      01000013)
[    0.005313] ACPI: SSDT 0x000000005175B000 000B44 (v02 DELL   PtidDevc 0=
0001000 INTL 20200717)
[    0.005315] ACPI: SSDT 0x0000000051758000 002357 (v02 DELL   TbtTypeC 0=
0000000 INTL 20200717)
[    0.005317] ACPI: DBGP 0x0000000051757000 000034 (v01 DELL   Dell Inc 0=
0000002      01000013)
[    0.005318] ACPI: DBG2 0x0000000051756000 000054 (v00 DELL   Dell Inc 0=
0000002      01000013)
[    0.005320] ACPI: BOOT 0x0000000051755000 000028 (v01 DELL   CBX3     0=
0000002      01000013)
[    0.005322] ACPI: MSDM 0x0000000051754000 000055 (v03 DELL   CBX3     0=
6222004 AMI  00010013)
[    0.005324] ACPI: SSDT 0x00000000517FD000 00060E (v02 DELL   Tpm2Tabl 0=
0001000 INTL 20200717)
[    0.005326] ACPI: TPM2 0x0000000051752000 00004C (v04 DELL   Dell Inc 0=
0000002      01000013)
[    0.005328] ACPI: DMAR 0x0000000051751000 000088 (v02 INTEL  Dell Inc 0=
0000002      01000013)
[    0.005330] ACPI: SSDT 0x0000000051748000 0087EC (v02 DELL   NvdTable 0=
0001000 INTL 20200717)
[    0.005332] ACPI: SSDT 0x0000000051774000 000ECD (v02 DELL   xh_Dell_ 0=
0000000 INTL 20200717)
[    0.005334] ACPI: SSDT 0x0000000051744000 003AEA (v02 SocGpe SocGpe   0=
0003000 INTL 20200717)
[    0.005336] ACPI: SSDT 0x0000000051740000 0039DA (v02 SocCmn SocCmn   0=
0003000 INTL 20200717)
[    0.005338] ACPI: SSDT 0x0000000051773000 000144 (v02 Intel  ADebTabl 0=
0001000 INTL 20200717)
[    0.005340] ACPI: UEFI 0x0000000051432000 00063A (v01 INTEL  RstVmdE  0=
0000000 INTL 00000000)
[    0.005342] ACPI: UEFI 0x0000000051431000 00005C (v01 INTEL  RstVmdV  0=
0000000 INTL 00000000)
[    0.005344] ACPI: PHAT 0x0000000051772000 0005AD (v01 DELL   Dell Inc 0=
0000005 MSFT 0100000D)
[    0.005346] ACPI: BGRT 0x0000000051771000 000038 (v01 DELL   Dell Inc 0=
0000002      01000013)
[    0.005347] ACPI: FPDT 0x000000005173F000 000034 (v01 DELL   Dell Inc 0=
0000002      01000013)
[    0.005349] ACPI: Reserving FACP table memory at [mem 0x517ee000-0x517e=
e113]
[    0.005350] ACPI: Reserving DSDT table memory at [mem 0x51777000-0x517e=
a4dd]
[    0.005351] ACPI: Reserving FACS table memory at [mem 0x514bb000-0x514b=
b03f]
[    0.005351] ACPI: Reserving SSDT table memory at [mem 0x517fc000-0x517f=
c38b]
[    0.005352] ACPI: Reserving SSDT table memory at [mem 0x517f6000-0x517f=
bc54]
[    0.005352] ACPI: Reserving SSDT table memory at [mem 0x517ef000-0x517f=
56ea]
[    0.005353] ACPI: Reserving HPET table memory at [mem 0x517ed000-0x517e=
d037]
[    0.005353] ACPI: Reserving APIC table memory at [mem 0x517ec000-0x517e=
c1db]
[    0.005354] ACPI: Reserving MCFG table memory at [mem 0x517eb000-0x517e=
b03b]
[    0.005354] ACPI: Reserving SSDT table memory at [mem 0x51775000-0x5177=
6445]
[    0.005355] ACPI: Reserving SSDT table memory at [mem 0x5176f000-0x5177=
032c]
[    0.005355] ACPI: Reserving SSDT table memory at [mem 0x51761000-0x5176=
e39e]
[    0.005356] ACPI: Reserving NHLT table memory at [mem 0x51760000-0x5176=
02f0]
[    0.005356] ACPI: Reserving SSDT table memory at [mem 0x5175e000-0x5175=
f07b]
[    0.005357] ACPI: Reserving LPIT table memory at [mem 0x5175d000-0x5175=
d0cb]
[    0.005357] ACPI: Reserving WSMT table memory at [mem 0x5175c000-0x5175=
c027]
[    0.005358] ACPI: Reserving SSDT table memory at [mem 0x5175b000-0x5175=
bb43]
[    0.005358] ACPI: Reserving SSDT table memory at [mem 0x51758000-0x5175=
a356]
[    0.005359] ACPI: Reserving DBGP table memory at [mem 0x51757000-0x5175=
7033]
[    0.005359] ACPI: Reserving DBG2 table memory at [mem 0x51756000-0x5175=
6053]
[    0.005360] ACPI: Reserving BOOT table memory at [mem 0x51755000-0x5175=
5027]
[    0.005360] ACPI: Reserving MSDM table memory at [mem 0x51754000-0x5175=
4054]
[    0.005361] ACPI: Reserving SSDT table memory at [mem 0x517fd000-0x517f=
d60d]
[    0.005361] ACPI: Reserving TPM2 table memory at [mem 0x51752000-0x5175=
204b]
[    0.005362] ACPI: Reserving DMAR table memory at [mem 0x51751000-0x5175=
1087]
[    0.005362] ACPI: Reserving SSDT table memory at [mem 0x51748000-0x5175=
07eb]
[    0.005363] ACPI: Reserving SSDT table memory at [mem 0x51774000-0x5177=
4ecc]
[    0.005363] ACPI: Reserving SSDT table memory at [mem 0x51744000-0x5174=
7ae9]
[    0.005364] ACPI: Reserving SSDT table memory at [mem 0x51740000-0x5174=
39d9]
[    0.005364] ACPI: Reserving SSDT table memory at [mem 0x51773000-0x5177=
3143]
[    0.005365] ACPI: Reserving UEFI table memory at [mem 0x51432000-0x5143=
2639]
[    0.005365] ACPI: Reserving UEFI table memory at [mem 0x51431000-0x5143=
105b]
[    0.005366] ACPI: Reserving PHAT table memory at [mem 0x51772000-0x5177=
25ac]
[    0.005366] ACPI: Reserving BGRT table memory at [mem 0x51771000-0x5177=
1037]
[    0.005367] ACPI: Reserving FPDT table memory at [mem 0x5173f000-0x5173=
f033]
[    0.005730] No NUMA configuration found
[    0.005730] Faking a node at [mem 0x0000000000000000-0x000000089f7fffff=
]
[    0.005734] NODE_DATA(0) allocated [mem 0x89f7d5000-0x89f7fffff]
[    0.005862] Zone ranges:
[    0.005862]   DMA      [mem 0x0000000000001000-0x0000000000ffffff]
[    0.005863]   DMA32    [mem 0x0000000001000000-0x00000000ffffffff]
[    0.005864]   Normal   [mem 0x0000000100000000-0x000000089f7fffff]
[    0.005865]   Device   empty
[    0.005866] Movable zone start for each node
[    0.005867] Early memory node ranges
[    0.005867]   node   0: [mem 0x0000000000001000-0x000000000009efff]
[    0.005868]   node   0: [mem 0x0000000000100000-0x000000004cd14fff]
[    0.005869]   node   0: [mem 0x00000000517ff000-0x00000000517fffff]
[    0.005869]   node   0: [mem 0x0000000100000000-0x000000089f7fffff]
[    0.005871] Initmem setup node 0 [mem 0x0000000000001000-0x000000089f7f=
ffff]
[    0.005875] On node 0, zone DMA: 1 pages in unavailable ranges
[    0.005893] On node 0, zone DMA: 97 pages in unavailable ranges
[    0.007382] On node 0, zone DMA32: 19178 pages in unavailable ranges
[    0.043567] On node 0, zone Normal: 26624 pages in unavailable ranges
[    0.043580] On node 0, zone Normal: 2048 pages in unavailable ranges
[    0.043637] Reserving Intel graphics memory at [mem 0x5c800000-0x607fff=
ff]
[    0.044491] ACPI: PM-Timer IO Port: 0x1808
[    0.044497] ACPI: LAPIC_NMI (acpi_id[0x01] high edge lint[0x1])
[    0.044498] ACPI: LAPIC_NMI (acpi_id[0x02] high edge lint[0x1])
[    0.044499] ACPI: LAPIC_NMI (acpi_id[0x03] high edge lint[0x1])
[    0.044499] ACPI: LAPIC_NMI (acpi_id[0x04] high edge lint[0x1])
[    0.044499] ACPI: LAPIC_NMI (acpi_id[0x05] high edge lint[0x1])
[    0.044500] ACPI: LAPIC_NMI (acpi_id[0x06] high edge lint[0x1])
[    0.044500] ACPI: LAPIC_NMI (acpi_id[0x07] high edge lint[0x1])
[    0.044501] ACPI: LAPIC_NMI (acpi_id[0x08] high edge lint[0x1])
[    0.044501] ACPI: LAPIC_NMI (acpi_id[0x09] high edge lint[0x1])
[    0.044501] ACPI: LAPIC_NMI (acpi_id[0x0a] high edge lint[0x1])
[    0.044502] ACPI: LAPIC_NMI (acpi_id[0x0b] high edge lint[0x1])
[    0.044502] ACPI: LAPIC_NMI (acpi_id[0x0c] high edge lint[0x1])
[    0.044503] ACPI: LAPIC_NMI (acpi_id[0x0d] high edge lint[0x1])
[    0.044503] ACPI: LAPIC_NMI (acpi_id[0x0e] high edge lint[0x1])
[    0.044503] ACPI: LAPIC_NMI (acpi_id[0x0f] high edge lint[0x1])
[    0.044504] ACPI: LAPIC_NMI (acpi_id[0x10] high edge lint[0x1])
[    0.044504] ACPI: LAPIC_NMI (acpi_id[0x11] high edge lint[0x1])
[    0.044504] ACPI: LAPIC_NMI (acpi_id[0x12] high edge lint[0x1])
[    0.044505] ACPI: LAPIC_NMI (acpi_id[0x13] high edge lint[0x1])
[    0.044505] ACPI: LAPIC_NMI (acpi_id[0x14] high edge lint[0x1])
[    0.044506] ACPI: LAPIC_NMI (acpi_id[0x15] high edge lint[0x1])
[    0.044506] ACPI: LAPIC_NMI (acpi_id[0x16] high edge lint[0x1])
[    0.044506] ACPI: LAPIC_NMI (acpi_id[0x17] high edge lint[0x1])
[    0.044507] ACPI: LAPIC_NMI (acpi_id[0x00] high edge lint[0x1])
[    0.044589] IOAPIC[0]: apic_id 2, version 32, address 0xfec00000, GSI 0=
-119
[    0.044591] ACPI: INT_SRC_OVR (bus 0 bus_irq 0 global_irq 2 dfl dfl)
[    0.044592] ACPI: INT_SRC_OVR (bus 0 bus_irq 9 global_irq 9 high level)
[    0.044595] ACPI: Using ACPI (MADT) for SMP configuration information
[    0.044596] ACPI: HPET id: 0x8086a201 base: 0xfed00000
[    0.044601] e820: update [mem 0x4708e000-0x470dffff] usable =3D=3D> res=
erved
[    0.044607] TSC deadline timer available
[    0.044609] CPU topo: Max. logical packages:   1
[    0.044609] CPU topo: Max. logical dies:       1
[    0.044610] CPU topo: Max. dies per package:   1
[    0.044611] CPU topo: Max. threads per core:   2
[    0.044612] CPU topo: Num. cores per package:    14
[    0.044612] CPU topo: Num. threads per package:  20
[    0.044613] CPU topo: Allowing 20 present CPUs plus 0 hotplug CPUs
[    0.044621] PM: hibernation: Registered nosave memory: [mem 0x00000000-=
0x00000fff]
[    0.044622] PM: hibernation: Registered nosave memory: [mem 0x0009f000-=
0x000fffff]
[    0.044623] PM: hibernation: Registered nosave memory: [mem 0x47003000-=
0x47003fff]
[    0.044624] PM: hibernation: Registered nosave memory: [mem 0x47012000-=
0x47012fff]
[    0.044625] PM: hibernation: Registered nosave memory: [mem 0x4708e000-=
0x470dffff]
[    0.044626] PM: hibernation: Registered nosave memory: [mem 0x4cd15000-=
0x50d10fff]
[    0.044626] PM: hibernation: Registered nosave memory: [mem 0x50d11000-=
0x51571fff]
[    0.044626] PM: hibernation: Registered nosave memory: [mem 0x51572000-=
0x517fefff]
[    0.044627] PM: hibernation: Registered nosave memory: [mem 0x51800000-=
0x561fffff]
[    0.044628] PM: hibernation: Registered nosave memory: [mem 0x56200000-=
0x569fffff]
[    0.044628] PM: hibernation: Registered nosave memory: [mem 0x56a00000-=
0x607fffff]
[    0.044628] PM: hibernation: Registered nosave memory: [mem 0x60800000-=
0xfed1ffff]
[    0.044629] PM: hibernation: Registered nosave memory: [mem 0xfed20000-=
0xfed7ffff]
[    0.044629] PM: hibernation: Registered nosave memory: [mem 0xfed80000-=
0xffffffff]
[    0.044630] [mem 0x60800000-0xfed1ffff] available for PCI devices
[    0.044631] Booting paravirtualized kernel on bare hardware
[    0.044632] clocksource: refined-jiffies: mask: 0xffffffff max_cycles: =
0xffffffff, max_idle_ns: 1910969940391419 ns
[    0.049057] setup_percpu: NR_CPUS:8192 nr_cpumask_bits:20 nr_cpu_ids:20=
 nr_node_ids:1
[    0.049928] percpu: Embedded 87 pages/cpu s233472 r8192 d114688 u524288
[    0.049932] pcpu-alloc: s233472 r8192 d114688 u524288 alloc=3D1*2097152
[    0.049934] pcpu-alloc: [0] 00 01 02 03 [0] 04 05 06 07
[    0.049937] pcpu-alloc: [0] 08 09 10 11 [0] 12 13 14 15
[    0.049940] pcpu-alloc: [0] 16 17 18 19
[    0.049950] Kernel command line: BOOT_IMAGE=3D(hd1,gpt2)/vmlinuz-6.10.6=
-200.fc40.x86_64 root=3DUUID=3D59545c18-3923-4411-9c12-245ab6cee067 ro roo=
tflags=3Dsubvol=3Droot rd.luks.uuid=3Dluks-49436d43-a842-4f89-a4aa-93ea838=
ffd01 rhgb quiet
[    0.049992] Unknown kernel command line parameters "rhgb BOOT_IMAGE=3D(=
hd1,gpt2)/vmlinuz-6.10.6-200.fc40.x86_64", will be passed to user space.
[    0.052098] Dentry cache hash table entries: 4194304 (order: 13, 335544=
32 bytes, linear)
[    0.053142] Inode-cache hash table entries: 2097152 (order: 12, 1677721=
6 bytes, linear)
[    0.053274] Fallback order for Node 0: 0
[    0.053277] Built 1 zonelists, mobility grouping on.  Total pages: 8307=
892
[    0.053277] Policy zone: Normal
[    0.053431] mem auto-init: stack:all(zero), heap alloc:on, heap free:of=
f
[    0.053438] software IO TLB: area num 32.
[    0.101689] Memory: 32316672K/33231568K available (20480K kernel code, =
4314K rwdata, 15296K rodata, 4720K init, 5284K bss, 914636K reserved, 0K c=
ma-reserved)
[    0.102302] SLUB: HWalign=3D64, Order=3D0-3, MinObjects=3D0, CPUs=3D20,=
 Nodes=3D1
[    0.102334] ftrace: allocating 55666 entries in 218 pages
[    0.107456] ftrace: allocated 218 pages with 5 groups
[    0.108004] Dynamic Preempt: voluntary
[    0.108070] rcu: Preemptible hierarchical RCU implementation.
[    0.108071] rcu: 	RCU restricting CPUs from NR_CPUS=3D8192 to nr_cpu_id=
s=3D20.
[    0.108072] 	Trampoline variant of Tasks RCU enabled.
[    0.108072] 	Rude variant of Tasks RCU enabled.
[    0.108073] 	Tracing variant of Tasks RCU enabled.
[    0.108073] rcu: RCU calculated value of scheduler-enlistment delay is =
100 jiffies.
[    0.108074] rcu: Adjusting geometry for rcu_fanout_leaf=3D16, nr_cpu_id=
s=3D20
[    0.108083] RCU Tasks: Setting shift to 5 and lim to 1 rcu_task_cb_adju=
st=3D1.
[    0.108085] RCU Tasks Rude: Setting shift to 5 and lim to 1 rcu_task_cb=
_adjust=3D1.
[    0.108086] RCU Tasks Trace: Setting shift to 5 and lim to 1 rcu_task_c=
b_adjust=3D1.
[    0.110595] NR_IRQS: 524544, nr_irqs: 2216, preallocated irqs: 16
[    0.110967] rcu: srcu_init: Setting srcu_struct sizes based on contenti=
on.
[    0.111416] kfence: initialized - using 2097152 bytes for 255 objects a=
t 0x(____ptrval____)-0x(____ptrval____)
[    0.111450] Console: colour dummy device 80x25
[    0.111452] printk: legacy console [tty0] enabled
[    0.111481] ACPI: Core revision 20240322
[    0.111719] hpet: HPET dysfunctional in PC10. Force disabled.
[    0.111720] APIC: Switch to symmetric I/O mode setup
[    0.111721] DMAR: Host address width 39
[    0.111722] DMAR: DRHD base: 0x000000fed90000 flags: 0x0
[    0.111727] DMAR: dmar0: reg_base_addr fed90000 ver 4:0 cap 1c0000c4066=
0462 ecap 29a00f0505e
[    0.111728] DMAR: DRHD base: 0x000000fed91000 flags: 0x1
[    0.111731] DMAR: dmar1: reg_base_addr fed91000 ver 5:0 cap d2008c40660=
462 ecap f050da
[    0.111733] DMAR: RMRR base: 0x0000005c000000 end: 0x000000607fffff
[    0.111735] DMAR-IR: IOAPIC id 2 under DRHD base  0xfed91000 IOMMU 1
[    0.111736] DMAR-IR: HPET id 0 under DRHD base 0xfed91000
[    0.111737] DMAR-IR: Queued invalidation will be enabled to support x2a=
pic and Intr-remapping.
[    0.115674] DMAR-IR: Enabled IRQ remapping in x2apic mode
[    0.115676] x2apic enabled
[    0.115747] APIC: Switched APIC routing to: cluster x2apic
[    0.127097] clocksource: tsc-early: mask: 0xffffffffffffffff max_cycles=
: 0x26bef67878b, max_idle_ns: 440795293631 ns
[    0.127103] Calibrating delay loop (skipped), value calculated using ti=
mer frequency.. 5376.00 BogoMIPS (lpj=3D2688000)
[    0.127154] CPU0: Thermal monitoring enabled (TM1)
[    0.127155] x86/cpu: User Mode Instruction Prevention (UMIP) activated
[    0.127267] CET detected: Indirect Branch Tracking enabled
[    0.127268] Last level iTLB entries: 4KB 0, 2MB 0, 4MB 0
[    0.127269] Last level dTLB entries: 4KB 0, 2MB 0, 4MB 0, 1GB 0
[    0.127271] process: using mwait in idle threads
[    0.127273] Spectre V1 : Mitigation: usercopy/swapgs barriers and __use=
r pointer sanitization
[    0.127275] Spectre V2 : Mitigation: Enhanced / Automatic IBRS
[    0.127276] Spectre V2 : Spectre v2 / SpectreRSB mitigation: Filling RS=
B on context switch
[    0.127276] Spectre V2 : Spectre v2 / PBRSB-eIBRS: Retire a single CALL=
 on VMEXIT
[    0.127278] Spectre V2 : mitigation: Enabling conditional Indirect Bran=
ch Prediction Barrier
[    0.127279] Speculative Store Bypass: Mitigation: Speculative Store Byp=
ass disabled via prctl
[    0.127279] Register File Data Sampling: Mitigation: Clear Register Fil=
e
[    0.127288] x86/fpu: Supporting XSAVE feature 0x001: 'x87 floating poin=
t registers'
[    0.127289] x86/fpu: Supporting XSAVE feature 0x002: 'SSE registers'
[    0.127289] x86/fpu: Supporting XSAVE feature 0x004: 'AVX registers'
[    0.127290] x86/fpu: Supporting XSAVE feature 0x200: 'Protection Keys U=
ser registers'
[    0.127290] x86/fpu: Supporting XSAVE feature 0x800: 'Control-flow User=
 registers'
[    0.127291] x86/fpu: xstate_offset[2]:  576, xstate_sizes[2]:  256
[    0.127292] x86/fpu: xstate_offset[9]:  832, xstate_sizes[9]:    8
[    0.127292] x86/fpu: xstate_offset[11]:  840, xstate_sizes[11]:   16
[    0.127293] x86/fpu: Enabled xstate features 0xa07, context size is 856=
 bytes, using 'compacted' format.
[    0.128101] Freeing SMP alternatives memory: 48K
[    0.128101] pid_max: default: 32768 minimum: 301
[    0.128101] LSM: initializing lsm=3Dlockdown,capability,yama,selinux,bp=
f,landlock,ima,evm
[    0.128101] Yama: becoming mindful.
[    0.128101] SELinux:  Initializing.
[    0.128101] LSM support for eBPF active
[    0.128101] landlock: Up and running.
[    0.128101] Mount-cache hash table entries: 65536 (order: 7, 524288 byt=
es, linear)
[    0.128101] Mountpoint-cache hash table entries: 65536 (order: 7, 52428=
8 bytes, linear)
[    0.128101] smpboot: CPU0: 12th Gen Intel(R) Core(TM) i7-12700H (family=
: 0x6, model: 0x9a, stepping: 0x3)
[    0.128101] Performance Events: XSAVE Architectural LBR, PEBS fmt4+-bas=
eline,  AnyThread deprecated, Alderlake Hybrid events, 32-deep LBR, full-w=
idth counters, Intel PMU driver.
[    0.128101] core: cpu_core PMU driver:
[    0.128101] ... version:                5
[    0.128101] ... bit width:              48
[    0.128101] ... generic registers:      8
[    0.128101] ... value mask:             0000ffffffffffff
[    0.128101] ... max period:             00007fffffffffff
[    0.128101] ... fixed-purpose events:   4
[    0.128101] ... event mask:             0001000f000000ff
[    0.128101] signal: max sigframe size: 3632
[    0.128101] Estimated ratio of average max frequency by base frequency =
(times 1024): 1668
[    0.128101] rcu: Hierarchical SRCU implementation.
[    0.128101] rcu: 	Max phase no-delay instances is 400.
[    0.128101] NMI watchdog: Enabled. Permanently consumes one hw-PMU coun=
ter.
[    0.128181] smp: Bringing up secondary CPUs ...
[    0.128236] smpboot: x86: Booting SMP configuration:
[    0.128236] .... node  #0, CPUs:        #2  #4  #6  #8 #10 #12 #13 #14 =
#15 #16 #17 #18 #19
[    0.016758] core: cpu_atom PMU driver: PEBS-via-PT
[    0.016758] ... version:                5
[    0.016758] ... bit width:              48
[    0.016758] ... generic registers:      6
[    0.016758] ... value mask:             0000ffffffffffff
[    0.016758] ... max period:             00007fffffffffff
[    0.016758] ... fixed-purpose events:   3
[    0.016758] ... event mask:             000000070000003f
[    0.133168]   #1  #3  #5  #7  #9 #11
[    0.136161] smp: Brought up 1 node, 20 CPUs
[    0.136161] smpboot: Total of 20 processors activated (107520.00 BogoMI=
PS)
[    0.138155] devtmpfs: initialized
[    0.138155] x86/mm: Memory block size: 128MB
[    0.139726] ACPI: PM: Registering ACPI NVS region [mem 0x50d11000-0x515=
71fff] (8785920 bytes)
[    0.139726] clocksource: jiffies: mask: 0xffffffff max_cycles: 0xffffff=
ff, max_idle_ns: 1911260446275000 ns
[    0.139726] futex hash table entries: 8192 (order: 7, 524288 bytes, lin=
ear)
[    0.139726] pinctrl core: initialized pinctrl subsystem
[    0.140102] PM: RTC time: 18:24:29, date: 2024-08-27
[    0.140456] NET: Registered PF_NETLINK/PF_ROUTE protocol family
[    0.140787] DMA: preallocated 4096 KiB GFP_KERNEL pool for atomic alloc=
ations
[    0.141048] DMA: preallocated 4096 KiB GFP_KERNEL|GFP_DMA pool for atom=
ic allocations
[    0.141324] DMA: preallocated 4096 KiB GFP_KERNEL|GFP_DMA32 pool for at=
omic allocations
[    0.141334] audit: initializing netlink subsys (disabled)
[    0.141375] audit: type=3D2000 audit(1724783069.014:1): state=3Dinitial=
ized audit_enabled=3D0 res=3D1
[    0.141375] thermal_sys: Registered thermal governor 'fair_share'
[    0.141375] thermal_sys: Registered thermal governor 'bang_bang'
[    0.141375] thermal_sys: Registered thermal governor 'step_wise'
[    0.141375] thermal_sys: Registered thermal governor 'user_space'
[    0.141376] cpuidle: using governor menu
[    0.141376] Simple Boot Flag at 0x47 set to 0x80
[    0.141376] ACPI FADT declares the system doesn't support PCIe ASPM, so=
 disable it
[    0.141376] acpiphp: ACPI Hot Plug PCI Controller Driver version: 0.5
[    0.141376] PCI: ECAM [mem 0xc0000000-0xce0fffff] (base 0xc0000000) for=
 domain 0000 [bus 00-e0]
[    0.141376] PCI: Using configuration type 1 for base access
[    0.142134] kprobes: kprobe jump-optimization is enabled. All kprobes a=
re optimized if possible.
[    0.143122] HugeTLB: registered 1.00 GiB page size, pre-allocated 0 pag=
es
[    0.143124] HugeTLB: 16380 KiB vmemmap can be freed for a 1.00 GiB page
[    0.143125] HugeTLB: registered 2.00 MiB page size, pre-allocated 0 pag=
es
[    0.143126] HugeTLB: 28 KiB vmemmap can be freed for a 2.00 MiB page
[    0.143175] Demotion targets for Node 0: null
[    0.144113] cryptd: max_cpu_qlen set to 1000
[    0.144145] raid6: skipped pq benchmark and selected avx2x4
[    0.144145] raid6: using avx2x2 recovery algorithm
[    0.144204] ACPI: Added _OSI(Module Device)
[    0.144205] ACPI: Added _OSI(Processor Device)
[    0.144206] ACPI: Added _OSI(3.0 _SCP Extensions)
[    0.144206] ACPI: Added _OSI(Processor Aggregator Device)
[    0.227916] ACPI: 16 ACPI AML tables successfully acquired and loaded
[    0.262644] ACPI: USB4 _OSC: OS supports USB3+ DisplayPort+ PCIe+ XDoma=
in+
[    0.262646] ACPI: USB4 _OSC: OS controls USB3+ DisplayPort+ PCIe+ XDoma=
in+
[    0.263791] ACPI: Dynamic OEM Table Load:
[    0.263801] ACPI: SSDT 0xFFFF92FE8306F000 000394 (v02 PmRef  Cpu0Cst  0=
0003001 INTL 20200717)
[    0.264727] ACPI: Dynamic OEM Table Load:
[    0.264733] ACPI: SSDT 0xFFFF92FE83054000 000626 (v02 PmRef  Cpu0Ist  0=
0003000 INTL 20200717)
[    0.265656] ACPI: Dynamic OEM Table Load:
[    0.265661] ACPI: SSDT 0xFFFF92FE83168000 0001AB (v02 PmRef  Cpu0Psd  0=
0003000 INTL 20200717)
[    0.266524] ACPI: Dynamic OEM Table Load:
[    0.266529] ACPI: SSDT 0xFFFF92FE83054800 0004D4 (v02 PmRef  Cpu0Hwp  0=
0003000 INTL 20200717)
[    0.267684] ACPI: Dynamic OEM Table Load:
[    0.267697] ACPI: SSDT 0xFFFF92FE831A8000 001BAF (v02 PmRef  ApIst    0=
0003000 INTL 20200717)
[    0.269011] ACPI: Dynamic OEM Table Load:
[    0.269017] ACPI: SSDT 0xFFFF92FE831AE000 001038 (v02 PmRef  ApHwp    0=
0003000 INTL 20200717)
[    0.270202] ACPI: Dynamic OEM Table Load:
[    0.270208] ACPI: SSDT 0xFFFF92FE831AC000 001349 (v02 PmRef  ApPsd    0=
0003000 INTL 20200717)
[    0.271453] ACPI: Dynamic OEM Table Load:
[    0.271459] ACPI: SSDT 0xFFFF92FE831BA000 000FBB (v02 PmRef  ApCst    0=
0003000 INTL 20200717)
[    0.277386] ACPI: _OSC evaluated successfully for all CPUs
[    0.277466] ACPI: EC: EC started
[    0.277467] ACPI: EC: interrupt blocked
[    0.281258] ACPI: EC: EC_CMD/EC_SC=3D0x934, EC_DATA=3D0x930
[    0.281261] ACPI: \_SB_.PC00.LPCB.ECDV: Boot DSDT EC used to handle tra=
nsactions
[    0.281262] ACPI: Interpreter enabled
[    0.281316] ACPI: PM: (supports S0 S4 S5)
[    0.281317] ACPI: Using IOAPIC for interrupt routing
[    0.282453] PCI: Using host bridge windows from ACPI; if necessary, use=
 "pci=3Dnocrs" and report a bug
[    0.282454] PCI: Ignoring E820 reservations for host bridge windows
[    0.283544] ACPI: Enabled 8 GPEs in block 00 to 7F
[    0.284459] ACPI: \_SB_.PC00.PEG0.PG00: New power resource
[    0.284928] ACPI: \_SB_.PC00.PEG1.PG01: New power resource
[    0.285675] ACPI: \_SB_.PC00.PEG2.PG02: New power resource
[    0.288451] ACPI: \_SB_.PC00.XHCI.RHUB.HS10.BTRT: New power resource
[    0.294692] ACPI: \_SB_.PC00.CNVW.WRST: New power resource
[    0.295305] ACPI: \_SB_.PC00.RP02.PXP5: New power resource
[    0.295849] ACPI: \_SB_.PC00.RP02.PXSX.MRST: New power resource
[    0.295863] ACPI: \_SB_.PC00.RP02.PXSX.DRST: New power resource
[    0.313248] ACPI: \_SB_.PC00.TBT0: New power resource
[    0.313308] ACPI: \_SB_.PC00.TBT1: New power resource
[    0.313359] ACPI: \_SB_.PC00.D3C_: New power resource
[    0.538960] ACPI: \PIN_: New power resource
[    0.539221] ACPI: PCI Root Bridge [PC00] (domain 0000 [bus 00-e0])
[    0.539228] acpi PNP0A08:00: _OSC: OS supports [ExtendedConfig ASPM Clo=
ckPM Segments MSI EDR HPX-Type3]
[    0.540101] acpi PNP0A08:00: _OSC: platform does not support [AER]
[    0.543033] acpi PNP0A08:00: _OSC: OS now controls [PCIeHotplug SHPCHot=
plug PME PCIeCapability LTR DPC]
[    0.543035] acpi PNP0A08:00: FADT indicates ASPM is unsupported, using =
BIOS configuration
[    0.547234] PCI host bridge to bus 0000:00
[    0.547236] pci_bus 0000:00: root bus resource [io  0x0000-0x0cf7 windo=
w]
[    0.547238] pci_bus 0000:00: root bus resource [io  0x0d00-0xffff windo=
w]
[    0.547239] pci_bus 0000:00: root bus resource [mem 0x000a0000-0x000bff=
ff window]
[    0.547240] pci_bus 0000:00: root bus resource [mem 0x60800000-0xbfffff=
ff window]
[    0.547241] pci_bus 0000:00: root bus resource [mem 0x4000000000-0x7fff=
ffffff window]
[    0.547243] pci_bus 0000:00: root bus resource [bus 00-e0]
[    0.547453] pci 0000:00:00.0: [8086:4641] type 00 class 0x060000 conven=
tional PCI endpoint
[    0.547700] pci 0000:00:01.0: [8086:460d] type 01 class 0x060400 PCIe R=
oot Port
[    0.547716] pci 0000:00:01.0: PCI bridge to [bus 01]
[    0.547719] pci 0000:00:01.0:   bridge window [io  0x3000-0x3fff]
[    0.547721] pci 0000:00:01.0:   bridge window [mem 0x90000000-0x90fffff=
f]
[    0.547727] pci 0000:00:01.0:   bridge window [mem 0x6000000000-0x6011f=
fffff 64bit pref]
[    0.547778] pci 0000:00:01.0: PME# supported from D0 D3hot D3cold
[    0.547802] pci 0000:00:01.0: PTM enabled (root), 4ns granularity
[    0.548400] pci 0000:00:02.0: [8086:46a6] type 00 class 0x030000 PCIe R=
oot Complex Integrated Endpoint
[    0.548408] pci 0000:00:02.0: BAR 0 [mem 0x6074000000-0x6074ffffff 64bi=
t]
[    0.548414] pci 0000:00:02.0: BAR 2 [mem 0x4000000000-0x400fffffff 64bi=
t pref]
[    0.548417] pci 0000:00:02.0: BAR 4 [io  0x4000-0x403f]
[    0.548434] pci 0000:00:02.0: DMAR: Skip IOMMU disabling for graphics
[    0.548437] pci 0000:00:02.0: Video device with shadowed ROM at [mem 0x=
000c0000-0x000dffff]
[    0.548462] pci 0000:00:02.0: VF BAR 0 [mem 0x00000000-0x00ffffff 64bit=
]
[    0.548463] pci 0000:00:02.0: VF BAR 0 [mem 0x00000000-0x06ffffff 64bit=
]: contains BAR 0 for 7 VFs
[    0.548469] pci 0000:00:02.0: VF BAR 2 [mem 0x00000000-0x1fffffff 64bit=
 pref]
[    0.548471] pci 0000:00:02.0: VF BAR 2 [mem 0x00000000-0xdfffffff 64bit=
 pref]: contains BAR 2 for 7 VFs
[    0.548583] pci 0000:00:04.0: [8086:461d] type 00 class 0x118000 conven=
tional PCI endpoint
[    0.548596] pci 0000:00:04.0: BAR 0 [mem 0x6075240000-0x607525ffff 64bi=
t]
[    0.548847] pci 0000:00:06.0: [8086:09ab] type 00 class 0x088000 conven=
tional PCI endpoint
[    0.549403] pci 0000:00:07.0: [8086:466e] type 01 class 0x060400 PCIe R=
oot Port
[    0.549420] pci 0000:00:07.0: PCI bridge to [bus 02-39]
[    0.549424] pci 0000:00:07.0:   bridge window [mem 0x7a000000-0x8fdffff=
f]
[    0.549431] pci 0000:00:07.0:   bridge window [mem 0x6020000000-0x6041f=
fffff 64bit pref]
[    0.549455] pci 0000:00:07.0: Overriding RP PIO Log Size to 4
[    0.549522] pci 0000:00:07.0: PME# supported from D0 D3hot D3cold
[    0.549547] pci 0000:00:07.0: PTM enabled (root), 4ns granularity
[    0.550308] pci 0000:00:07.1: [8086:463f] type 01 class 0x060400 PCIe R=
oot Port
[    0.550325] pci 0000:00:07.1: PCI bridge to [bus 3a-71]
[    0.550329] pci 0000:00:07.1:   bridge window [mem 0x64000000-0x79dffff=
f]
[    0.550336] pci 0000:00:07.1:   bridge window [mem 0x6050000000-0x6071f=
fffff 64bit pref]
[    0.550360] pci 0000:00:07.1: Overriding RP PIO Log Size to 4
[    0.550423] pci 0000:00:07.1: PME# supported from D0 D3hot D3cold
[    0.550449] pci 0000:00:07.1: PTM enabled (root), 4ns granularity
[    0.551272] pci 0000:00:08.0: [8086:464f] type 00 class 0x088000 conven=
tional PCI endpoint
[    0.551281] pci 0000:00:08.0: BAR 0 [mem 0x60752a2000-0x60752a2fff 64bi=
t]
[    0.551434] pci 0000:00:0d.0: [8086:461e] type 00 class 0x0c0330 conven=
tional PCI endpoint
[    0.551444] pci 0000:00:0d.0: BAR 0 [mem 0x6075280000-0x607528ffff 64bi=
t]
[    0.551490] pci 0000:00:0d.0: PME# supported from D3hot D3cold
[    0.551906] pci 0000:00:0d.2: [8086:463e] type 00 class 0x0c0340 conven=
tional PCI endpoint
[    0.551916] pci 0000:00:0d.2: BAR 0 [mem 0x6075200000-0x607523ffff 64bi=
t]
[    0.551922] pci 0000:00:0d.2: BAR 2 [mem 0x60752a1000-0x60752a1fff 64bi=
t]
[    0.551955] pci 0000:00:0d.2: supports D1 D2
[    0.551955] pci 0000:00:0d.2: PME# supported from D0 D1 D2 D3hot D3cold
[    0.552152] pci 0000:00:0e.0: [8086:467f] type 00 class 0x010400 PCIe R=
oot Complex Integrated Endpoint
[    0.552165] pci 0000:00:0e.0: BAR 0 [mem 0x6072000000-0x6073ffffff 64bi=
t]
[    0.552171] pci 0000:00:0e.0: BAR 2 [mem 0x62000000-0x63ffffff]
[    0.552185] pci 0000:00:0e.0: BAR 4 [mem 0x6075100000-0x60751fffff 64bi=
t]
[    0.552542] pci 0000:00:12.0: [8086:51fc] type 00 class 0x070000 conven=
tional PCI endpoint
[    0.552566] pci 0000:00:12.0: BAR 0 [mem 0x6075270000-0x607527ffff 64bi=
t]
[    0.552652] pci 0000:00:12.0: PME# supported from D0 D3hot
[    0.553001] pci 0000:00:14.0: [8086:51ed] type 00 class 0x0c0330 conven=
tional PCI endpoint
[    0.553025] pci 0000:00:14.0: BAR 0 [mem 0x6075260000-0x607526ffff 64bi=
t]
[    0.553123] pci 0000:00:14.0: PME# supported from D3hot D3cold
[    0.553574] pci 0000:00:14.2: [8086:51ef] type 00 class 0x050000 conven=
tional PCI endpoint
[    0.553597] pci 0000:00:14.2: BAR 0 [mem 0x6075298000-0x607529bfff 64bi=
t]
[    0.553610] pci 0000:00:14.2: BAR 2 [mem 0x60752a0000-0x60752a0fff 64bi=
t]
[    0.553833] pci 0000:00:14.3: [8086:51f0] type 00 class 0x028000 PCIe R=
oot Complex Integrated Endpoint
[    0.553896] pci 0000:00:14.3: BAR 0 [mem 0x6075294000-0x6075297fff 64bi=
t]
[    0.554045] pci 0000:00:14.3: PME# supported from D0 D3hot D3cold
[    0.554850] pci 0000:00:15.0: [8086:51e8] type 00 class 0x0c8000 conven=
tional PCI endpoint
[    0.555539] pci 0000:00:15.0: BAR 0 [mem 0x00000000-0x00000fff 64bit]
[    0.560150] pci 0000:00:15.1: [8086:51e9] type 00 class 0x0c8000 conven=
tional PCI endpoint
[    0.560881] pci 0000:00:15.1: BAR 0 [mem 0x00000000-0x00000fff 64bit]
[    0.564061] pci 0000:00:16.0: [8086:51e0] type 00 class 0x078000 conven=
tional PCI endpoint
[    0.564086] pci 0000:00:16.0: BAR 0 [mem 0x607529d000-0x607529dfff 64bi=
t]
[    0.564180] pci 0000:00:16.0: PME# supported from D3hot
[    0.564507] pci 0000:00:17.0: [8086:09ab] type 00 class 0x088000 conven=
tional PCI endpoint
[    0.564962] pci 0000:00:1f.0: [8086:5182] type 00 class 0x060100 conven=
tional PCI endpoint
[    0.565347] pci 0000:00:1f.3: [8086:51c8] type 00 class 0x040380 conven=
tional PCI endpoint
[    0.565407] pci 0000:00:1f.3: BAR 0 [mem 0x6075290000-0x6075293fff 64bi=
t]
[    0.565482] pci 0000:00:1f.3: BAR 4 [mem 0x6075000000-0x60750fffff 64bi=
t]
[    0.565637] pci 0000:00:1f.3: PME# supported from D3hot D3cold
[    0.565968] pci 0000:00:1f.4: [8086:51a3] type 00 class 0x0c0500 conven=
tional PCI endpoint
[    0.565997] pci 0000:00:1f.4: BAR 0 [mem 0x607529c000-0x607529c0ff 64bi=
t]
[    0.566023] pci 0000:00:1f.4: BAR 4 [io  0xefa0-0xefbf]
[    0.566300] pci 0000:00:1f.5: [8086:51a4] type 00 class 0x0c8000 conven=
tional PCI endpoint
[    0.566322] pci 0000:00:1f.5: BAR 0 [mem 0xfe010000-0xfe010fff]
[    0.566496] pci 0000:00:1f.6: [8086:1a1e] type 00 class 0x020000 conven=
tional PCI endpoint
[    0.566542] pci 0000:00:1f.6: BAR 0 [mem 0x91080000-0x9109ffff]
[    0.566769] pci 0000:00:1f.6: PME# supported from D0 D3hot D3cold
[    0.567035] pci 0000:01:00.0: [10de:1fb6] type 00 class 0x030200 PCIe E=
ndpoint
[    0.567047] pci 0000:01:00.0: BAR 0 [mem 0x90000000-0x90ffffff]
[    0.567057] pci 0000:01:00.0: BAR 1 [mem 0x6000000000-0x600fffffff 64bi=
t pref]
[    0.567067] pci 0000:01:00.0: BAR 3 [mem 0x6010000000-0x6011ffffff 64bi=
t pref]
[    0.567073] pci 0000:01:00.0: BAR 5 [io  0x3000-0x307f]
[    0.567080] pci 0000:01:00.0: ROM [mem 0xfff80000-0xffffffff pref]
[    0.567139] pci 0000:01:00.0: PME# supported from D0 D3hot D3cold
[    0.567219] pci 0000:01:00.0: 126.024 Gb/s available PCIe bandwidth, li=
mited by 16.0 GT/s PCIe x8 link at 0000:00:01.0 (capable of 252.048 Gb/s w=
ith 16.0 GT/s PCIe x16 link)
[    0.567372] pci 0000:00:01.0: PCI bridge to [bus 01]
[    0.567406] pci 0000:00:07.0: PCI bridge to [bus 02-39]
[    0.567438] pci 0000:00:07.1: PCI bridge to [bus 3a-71]
[    0.571423] ACPI: \_SB_.PEPD: Duplicate LPS0 _DSM functions (mask: 0x7f=
)
[    0.959234] Low-power S0 idle used by default for system suspend
[    0.968295] ACPI: EC: interrupt unblocked
[    0.968297] ACPI: EC: event unblocked
[    0.968314] ACPI: EC: EC_CMD/EC_SC=3D0x934, EC_DATA=3D0x930
[    0.968315] ACPI: EC: GPE=3D0x6e
[    0.968316] ACPI: \_SB_.PC00.LPCB.ECDV: Boot DSDT EC initialization com=
plete
[    0.968318] ACPI: \_SB_.PC00.LPCB.ECDV: EC: Used to handle transactions=
 and events
[    0.968397] iommu: Default domain type: Translated
[    0.968397] iommu: DMA domain TLB invalidation policy: lazy mode
[    0.968397] SCSI subsystem initialized
[    0.968397] libata version 3.00 loaded.
[    0.968397] ACPI: bus type USB registered
[    0.968397] usbcore: registered new interface driver usbfs
[    0.968397] usbcore: registered new interface driver hub
[    0.968397] usbcore: registered new device driver usb
[    0.968397] pps_core: LinuxPPS API ver. 1 registered
[    0.968397] pps_core: Software ver. 5.3.6 - Copyright 2005-2007 Rodolfo=
 Giometti <giometti@linux.it>
[    0.968397] PTP clock support registered
[    0.968397] EDAC MC: Ver: 3.0.0
[    0.969123] efivars: Registered efivars operations
[    0.969384] NetLabel: Initializing
[    0.969386] NetLabel:  domain hash size =3D 128
[    0.969386] NetLabel:  protocols =3D UNLABELED CIPSOv4 CALIPSO
[    0.969408] NetLabel:  unlabeled traffic allowed by default
[    0.969412] mctp: management component transport protocol core
[    0.969413] NET: Registered PF_MCTP protocol family
[    0.969417] PCI: Using ACPI for IRQ routing
[    1.019557] PCI: pci_cache_line_size set to 64 bytes
[    1.019772] pci 0000:00:1f.5: BAR 0 [mem 0xfe010000-0xfe010fff]: can't =
claim; no compatible bridge window
[    1.019941] e820: reserve RAM buffer [mem 0x0009f000-0x0009ffff]
[    1.019943] e820: reserve RAM buffer [mem 0x47003018-0x47ffffff]
[    1.019944] e820: reserve RAM buffer [mem 0x4708e000-0x47ffffff]
[    1.019945] e820: reserve RAM buffer [mem 0x4cd15000-0x4fffffff]
[    1.019945] e820: reserve RAM buffer [mem 0x51800000-0x53ffffff]
[    1.019946] e820: reserve RAM buffer [mem 0x89f800000-0x89fffffff]
[    1.020163] pci 0000:00:02.0: vgaarb: setting as boot VGA device
[    1.020163] pci 0000:00:02.0: vgaarb: bridge control possible
[    1.020163] pci 0000:00:02.0: vgaarb: VGA device added: decodes=3Dio+me=
m,owns=3Dio+mem,locks=3Dnone
[    1.020163] vgaarb: loaded
[    1.020169] clocksource: Switched to clocksource tsc-early
[    1.020541] VFS: Disk quotas dquot_6.6.0
[    1.020548] VFS: Dquot-cache hash table entries: 512 (order 0, 4096 byt=
es)
[    1.020610] pnp: PnP ACPI init
[    1.020799] system 00:00: [io  0x0680-0x069f] has been reserved
[    1.020801] system 00:00: [io  0x164e-0x164f] has been reserved
[    1.020904] system 00:02: [io  0x1854-0x1857] has been reserved
[    1.021866] pnp 00:05: disabling [mem 0xc0000000-0xcfffffff] because it=
 overlaps 0000:00:02.0 BAR 9 [mem 0x00000000-0xdfffffff 64bit pref]
[    1.021890] system 00:05: [mem 0xfedc0000-0xfedc7fff] has been reserved
[    1.021892] system 00:05: [mem 0xfeda0000-0xfeda0fff] has been reserved
[    1.021894] system 00:05: [mem 0xfeda1000-0xfeda1fff] has been reserved
[    1.021895] system 00:05: [mem 0xfed20000-0xfed7ffff] could not be rese=
rved
[    1.021896] system 00:05: [mem 0xfed90000-0xfed93fff] could not be rese=
rved
[    1.021898] system 00:05: [mem 0xfed45000-0xfed8ffff] could not be rese=
rved
[    1.021899] system 00:05: [mem 0xfee00000-0xfeefffff] has been reserved
[    1.022889] system 00:06: [io  0x2000-0x20fe] has been reserved
[    1.026539] pnp: PnP ACPI: found 8 devices
[    1.032109] clocksource: acpi_pm: mask: 0xffffff max_cycles: 0xffffff, =
max_idle_ns: 2085701024 ns
[    1.032162] NET: Registered PF_INET protocol family
[    1.032408] IP idents hash table entries: 262144 (order: 9, 2097152 byt=
es, linear)
[    1.046356] tcp_listen_portaddr_hash hash table entries: 16384 (order: =
6, 262144 bytes, linear)
[    1.046386] Table-perturb hash table entries: 65536 (order: 6, 262144 b=
ytes, linear)
[    1.046608] TCP established hash table entries: 262144 (order: 9, 20971=
52 bytes, linear)
[    1.047013] TCP bind hash table entries: 65536 (order: 9, 2097152 bytes=
, linear)
[    1.047121] TCP: Hash tables configured (established 262144 bind 65536)
[    1.047234] MPTCP token hash table entries: 32768 (order: 7, 786432 byt=
es, linear)
[    1.047315] UDP hash table entries: 16384 (order: 7, 524288 bytes, line=
ar)
[    1.047386] UDP-Lite hash table entries: 16384 (order: 7, 524288 bytes,=
 linear)
[    1.047463] NET: Registered PF_UNIX/PF_LOCAL protocol family
[    1.047470] NET: Registered PF_XDP protocol family
[    1.047473] pci 0000:01:00.0: ROM [mem 0xfff80000-0xffffffff pref]: can=
't claim; no compatible bridge window
[    1.047477] pci 0000:00:07.0: bridge window [io  0x1000-0x0fff] to [bus=
 02-39] add_size 1000
[    1.047479] pci 0000:00:07.1: bridge window [io  0x1000-0x0fff] to [bus=
 3a-71] add_size 1000
[    1.047488] pci 0000:00:02.0: VF BAR 2 [mem 0x4020000000-0x40ffffffff 6=
4bit pref]: assigned
[    1.047492] pci 0000:00:02.0: VF BAR 0 [mem 0x4010000000-0x4016ffffff 6=
4bit]: assigned
[    1.047495] pci 0000:00:07.0: bridge window [io  0x5000-0x5fff]: assign=
ed
[    1.047496] pci 0000:00:07.1: bridge window [io  0x6000-0x6fff]: assign=
ed
[    1.047498] pci 0000:00:15.0: BAR 0 [mem 0x4017000000-0x4017000fff 64bi=
t]: assigned
[    1.047861] pci 0000:00:15.1: BAR 0 [mem 0x4017001000-0x4017001fff 64bi=
t]: assigned
[    1.048202] pci 0000:00:1f.5: BAR 0 [mem 0x60800000-0x60800fff]: assign=
ed
[    1.048219] pci 0000:01:00.0: ROM [mem size 0x00080000 pref]: can't ass=
ign; no space
[    1.048220] pci 0000:01:00.0: ROM [mem size 0x00080000 pref]: failed to=
 assign
[    1.048222] pci 0000:00:01.0: PCI bridge to [bus 01]
[    1.048223] pci 0000:00:01.0:   bridge window [io  0x3000-0x3fff]
[    1.048226] pci 0000:00:01.0:   bridge window [mem 0x90000000-0x90fffff=
f]
[    1.048228] pci 0000:00:01.0:   bridge window [mem 0x6000000000-0x6011f=
fffff 64bit pref]
[    1.048232] pci 0000:00:07.0: PCI bridge to [bus 02-39]
[    1.048234] pci 0000:00:07.0:   bridge window [io  0x5000-0x5fff]
[    1.048236] pci 0000:00:07.0:   bridge window [mem 0x7a000000-0x8fdffff=
f]
[    1.048238] pci 0000:00:07.0:   bridge window [mem 0x6020000000-0x6041f=
fffff 64bit pref]
[    1.048242] pci 0000:00:07.1: PCI bridge to [bus 3a-71]
[    1.048243] pci 0000:00:07.1:   bridge window [io  0x6000-0x6fff]
[    1.048246] pci 0000:00:07.1:   bridge window [mem 0x64000000-0x79dffff=
f]
[    1.048248] pci 0000:00:07.1:   bridge window [mem 0x6050000000-0x6071f=
fffff 64bit pref]
[    1.048253] pci_bus 0000:00: resource 4 [io  0x0000-0x0cf7 window]
[    1.048254] pci_bus 0000:00: resource 5 [io  0x0d00-0xffff window]
[    1.048255] pci_bus 0000:00: resource 6 [mem 0x000a0000-0x000bffff wind=
ow]
[    1.048256] pci_bus 0000:00: resource 7 [mem 0x60800000-0xbfffffff wind=
ow]
[    1.048257] pci_bus 0000:00: resource 8 [mem 0x4000000000-0x7fffffffff =
window]
[    1.048259] pci_bus 0000:01: resource 0 [io  0x3000-0x3fff]
[    1.048260] pci_bus 0000:01: resource 1 [mem 0x90000000-0x90ffffff]
[    1.048261] pci_bus 0000:01: resource 2 [mem 0x6000000000-0x6011ffffff =
64bit pref]
[    1.048262] pci_bus 0000:02: resource 0 [io  0x5000-0x5fff]
[    1.048263] pci_bus 0000:02: resource 1 [mem 0x7a000000-0x8fdfffff]
[    1.048264] pci_bus 0000:02: resource 2 [mem 0x6020000000-0x6041ffffff =
64bit pref]
[    1.048265] pci_bus 0000:3a: resource 0 [io  0x6000-0x6fff]
[    1.048266] pci_bus 0000:3a: resource 1 [mem 0x64000000-0x79dfffff]
[    1.048267] pci_bus 0000:3a: resource 2 [mem 0x6050000000-0x6071ffffff =
64bit pref]
[    1.048921] PCI: CLS 0 bytes, default 64
[    1.049004] DMAR: Intel-IOMMU force enabled due to platform opt in
[    1.049010] DMAR: No ATSR found
[    1.049010] DMAR: No SATC found
[    1.049011] DMAR: IOMMU feature fl1gp_support inconsistent
[    1.049012] DMAR: IOMMU feature pgsel_inv inconsistent
[    1.049013] DMAR: IOMMU feature nwfs inconsistent
[    1.049014] DMAR: IOMMU feature dit inconsistent
[    1.049014] DMAR: IOMMU feature sc_support inconsistent
[    1.049015] DMAR: IOMMU feature dev_iotlb_support inconsistent
[    1.049016] DMAR: dmar0: Using Queued invalidation
[    1.049019] DMAR: dmar1: Using Queued invalidation
[    1.049038] Trying to unpack rootfs image as initramfs...
[    1.049219] pci 0000:00:02.0: Adding to iommu group 0
[    1.049251] pci 0000:00:00.0: Adding to iommu group 1
[    1.049261] pci 0000:00:01.0: Adding to iommu group 2
[    1.049267] pci 0000:00:04.0: Adding to iommu group 3
[    1.049276] pci 0000:00:06.0: Adding to iommu group 4
[    1.049285] pci 0000:00:07.0: Adding to iommu group 5
[    1.049293] pci 0000:00:07.1: Adding to iommu group 6
[    1.049301] pci 0000:00:08.0: Adding to iommu group 7
[    1.049312] pci 0000:00:0d.0: Adding to iommu group 8
[    1.049318] pci 0000:00:0d.2: Adding to iommu group 8
[    1.049326] pci 0000:00:0e.0: Adding to iommu group 9
[    1.049335] pci 0000:00:12.0: Adding to iommu group 10
[    1.049347] pci 0000:00:14.0: Adding to iommu group 11
[    1.049354] pci 0000:00:14.2: Adding to iommu group 11
[    1.049361] pci 0000:00:14.3: Adding to iommu group 12
[    1.049373] pci 0000:00:15.0: Adding to iommu group 13
[    1.049379] pci 0000:00:15.1: Adding to iommu group 13
[    1.049388] pci 0000:00:16.0: Adding to iommu group 14
[    1.049397] pci 0000:00:17.0: Adding to iommu group 15
[    1.049418] pci 0000:00:1f.0: Adding to iommu group 16
[    1.049425] pci 0000:00:1f.3: Adding to iommu group 16
[    1.049432] pci 0000:00:1f.4: Adding to iommu group 16
[    1.049441] pci 0000:00:1f.5: Adding to iommu group 16
[    1.049448] pci 0000:00:1f.6: Adding to iommu group 16
[    1.049457] pci 0000:01:00.0: Adding to iommu group 17
[    1.049547] DMAR: Intel(R) Virtualization Technology for Directed I/O
[    1.049548] PCI-DMA: Using software bounce buffering for IO (SWIOTLB)
[    1.049548] software IO TLB: mapped [mem 0x000000003dcb6000-0x000000004=
1cb6000] (64MB)
[    1.049587] clocksource: tsc: mask: 0xffffffffffffffff max_cycles: 0x26=
bef67878b, max_idle_ns: 440795293631 ns
[    1.049643] clocksource: Switched to clocksource tsc
[    1.055127] Initialise system trusted keyrings
[    1.055138] Key type blacklist registered
[    1.055177] workingset: timestamp_bits=3D36 max_order=3D23 bucket_order=
=3D0
[    1.055189] zbud: loaded
[    1.055587] integrity: Platform Keyring initialized
[    1.055590] integrity: Machine keyring initialized
[    1.064420] NET: Registered PF_ALG protocol family
[    1.064422] xor: automatically using best checksumming function   avx
[    1.064424] Key type asymmetric registered
[    1.064424] Asymmetric key parser 'x509' registered
[    1.380504] Freeing initrd memory: 78040K
[    1.383988] Block layer SCSI generic (bsg) driver version 0.4 loaded (m=
ajor 245)
[    1.384020] io scheduler mq-deadline registered
[    1.384021] io scheduler kyber registered
[    1.384028] io scheduler bfq registered
[    1.385528] atomic64_test: passed for x86-64 platform with CX8 and with=
 SSE
[    1.385970] pcieport 0000:00:01.0: PME: Signaling with IRQ 122
[    1.386148] pcieport 0000:00:07.0: PME: Signaling with IRQ 123
[    1.386163] pcieport 0000:00:07.0: pciehp: Slot #3 AttnBtn- PwrCtrl- MR=
L- AttnInd- PwrInd- HotPlug+ Surprise+ Interlock- NoCompl+ IbPresDis- LLAc=
tRep+
[    1.386446] pcieport 0000:00:07.1: PME: Signaling with IRQ 124
[    1.386460] pcieport 0000:00:07.1: pciehp: Slot #4 AttnBtn- PwrCtrl- MR=
L- AttnInd- PwrInd- HotPlug+ Surprise+ Interlock- NoCompl+ IbPresDis- LLAc=
tRep+
[    1.386595] shpchp: Standard Hot Plug PCI Controller Driver version: 0.=
4
[    1.388411] ACPI: AC: AC Adapter [AC] (on-line)
[    1.388461] input: Lid Switch as /devices/LNXSYSTM:00/LNXSYBUS:00/PNP0C=
0D:00/input/input0
[    1.388493] ACPI: button: Lid Switch [LID0]
[    1.388516] input: Power Button as /devices/LNXSYSTM:00/LNXSYBUS:00/PNP=
0C0C:00/input/input1
[    1.388581] ACPI: button: Power Button [PBTN]
[    1.388602] input: Sleep Button as /devices/LNXSYSTM:00/LNXSYBUS:00/PNP=
0C0E:00/input/input2
[    1.388617] ACPI: button: Sleep Button [SBTN]
[    1.391744] Serial: 8250/16550 driver, 32 ports, IRQ sharing enabled
[    1.393131] serial 0000:00:12.0: enabling device (0000 -> 0002)
[    1.393556] hpet_acpi_add: no address or irqs in _CRS
[    1.393594] Non-volatile memory driver v1.3
[    1.393598] Linux agpgart interface v0.103
[    1.395720] tpm_tis NTC0702:00: 2.0 TPM (device-id 0xFC, rev-id 1)
[    1.418964] ACPI: battery: Slot [BAT0] (battery present)
[    1.502130] ACPI: bus type drm_connector registered
[    1.517924] intel-lpss 0000:00:15.0: enabling device (0000 -> 0002)
[    1.539979] intel-lpss 0000:00:15.1: enabling device (0000 -> 0002)
[    1.550226] ahci 0000:00:0e.0: version 3.0
[    1.550238] ahci 0000:00:0e.0: probe with driver ahci failed with error=
 -22
[    1.550461] xhci_hcd 0000:00:0d.0: xHCI Host Controller
[    1.550485] xhci_hcd 0000:00:0d.0: new USB bus registered, assigned bus=
 number 1
[    1.551548] xhci_hcd 0000:00:0d.0: hcc params 0x20007fc1 hci version 0x=
120 quirks 0x0000000200009810
[    1.551777] xhci_hcd 0000:00:0d.0: xHCI Host Controller
[    1.551817] xhci_hcd 0000:00:0d.0: new USB bus registered, assigned bus=
 number 2
[    1.551819] xhci_hcd 0000:00:0d.0: Host supports USB 3.2 Enhanced Super=
Speed
[    1.551948] usb usb1: New USB device found, idVendor=3D1d6b, idProduct=
=3D0002, bcdDevice=3D 6.10
[    1.551950] usb usb1: New USB device strings: Mfr=3D3, Product=3D2, Ser=
ialNumber=3D1
[    1.551951] usb usb1: Product: xHCI Host Controller
[    1.551952] usb usb1: Manufacturer: Linux 6.10.6-200.fc40.x86_64 xhci-h=
cd
[    1.551953] usb usb1: SerialNumber: 0000:00:0d.0
[    1.552073] hub 1-0:1.0: USB hub found
[    1.552092] hub 1-0:1.0: 1 port detected
[    1.552292] usb usb2: New USB device found, idVendor=3D1d6b, idProduct=
=3D0003, bcdDevice=3D 6.10
[    1.552294] usb usb2: New USB device strings: Mfr=3D3, Product=3D2, Ser=
ialNumber=3D1
[    1.552295] usb usb2: Product: xHCI Host Controller
[    1.552296] usb usb2: Manufacturer: Linux 6.10.6-200.fc40.x86_64 xhci-h=
cd
[    1.552297] usb usb2: SerialNumber: 0000:00:0d.0
[    1.552356] hub 2-0:1.0: USB hub found
[    1.552365] hub 2-0:1.0: 2 ports detected
[    1.552718] xhci_hcd 0000:00:14.0: xHCI Host Controller
[    1.552744] xhci_hcd 0000:00:14.0: new USB bus registered, assigned bus=
 number 3
[    1.554073] xhci_hcd 0000:00:14.0: hcc params 0x20007fc1 hci version 0x=
120 quirks 0x0000100200009810
[    1.554489] xhci_hcd 0000:00:14.0: xHCI Host Controller
[    1.554545] xhci_hcd 0000:00:14.0: new USB bus registered, assigned bus=
 number 4
[    1.554547] xhci_hcd 0000:00:14.0: Host supports USB 3.1 Enhanced Super=
Speed
[    1.554606] usb usb3: New USB device found, idVendor=3D1d6b, idProduct=
=3D0002, bcdDevice=3D 6.10
[    1.554607] usb usb3: New USB device strings: Mfr=3D3, Product=3D2, Ser=
ialNumber=3D1
[    1.554608] usb usb3: Product: xHCI Host Controller
[    1.554609] usb usb3: Manufacturer: Linux 6.10.6-200.fc40.x86_64 xhci-h=
cd
[    1.554610] usb usb3: SerialNumber: 0000:00:14.0
[    1.554684] hub 3-0:1.0: USB hub found
[    1.554718] hub 3-0:1.0: 12 ports detected
[    1.555988] usb usb4: New USB device found, idVendor=3D1d6b, idProduct=
=3D0003, bcdDevice=3D 6.10
[    1.555990] usb usb4: New USB device strings: Mfr=3D3, Product=3D2, Ser=
ialNumber=3D1
[    1.555991] usb usb4: Product: xHCI Host Controller
[    1.555992] usb usb4: Manufacturer: Linux 6.10.6-200.fc40.x86_64 xhci-h=
cd
[    1.555993] usb usb4: SerialNumber: 0000:00:14.0
[    1.556088] hub 4-0:1.0: USB hub found
[    1.556115] hub 4-0:1.0: 4 ports detected
[    1.556564] usbcore: registered new interface driver usbserial_generic
[    1.556568] usbserial: USB Serial support registered for generic
[    1.556595] i8042: PNP: PS/2 Controller [PNP0303:PS2K,PNP0f13:PS2M] at =
0x60,0x64 irq 1,12
[    1.557055] i8042: Warning: Keylock active
[    1.559371] serio: i8042 KBD port at 0x60,0x64 irq 1
[    1.559375] serio: i8042 AUX port at 0x60,0x64 irq 12
[    1.559471] mousedev: PS/2 mouse device common for all mice
[    1.559598] rtc_cmos 00:01: RTC can wake from S4
[    1.561342] rtc_cmos 00:01: registered as rtc0
[    1.561691] rtc_cmos 00:01: setting system clock to 2024-08-27T18:24:30=
 UTC (1724783070)
[    1.561726] rtc_cmos 00:01: alarms up to one month, y3k, 242 bytes nvra=
m
[    1.562974] input: AT Translated Set 2 keyboard as /devices/platform/i8=
042/serio0/input/input3
[    1.563470] device-mapper: core: CONFIG_IMA_DISABLE_HTABLE is disabled.=
 Duplicate IMA measurements will not be recorded in the IMA log.
[    1.563479] device-mapper: uevent: version 1.0.3
[    1.563523] device-mapper: ioctl: 4.48.0-ioctl (2023-03-01) initialised=
: dm-devel@lists.linux.dev
[    1.563627] intel_pstate: Intel P-state driver initializing
[    1.566000] intel_pstate: HWP enabled
[    1.566373] [drm] Initialized simpledrm 1.0.0 20200625 for simple-frame=
buffer.0 on minor 0
[    1.567580] fbcon: Deferring console take-over
[    1.567582] simple-framebuffer simple-framebuffer.0: [drm] fb0: simpled=
rmdrmfb frame buffer device
[    1.567680] hid: raw HID events driver (C) Jiri Kosina
[    1.567699] usbcore: registered new interface driver usbhid
[    1.567699] usbhid: USB HID core driver
[    1.567808] drop_monitor: Initializing network drop monitor service
[    1.567921] Initializing XFRM netlink socket
[    1.567940] NET: Registered PF_INET6 protocol family
[    1.570960] Segment Routing with IPv6
[    1.570961] RPL Segment Routing with IPv6
[    1.570964] In-situ OAM (IOAM) with IPv6
[    1.570982] mip6: Mobile IPv6
[    1.570984] NET: Registered PF_PACKET protocol family
[    1.572735] ENERGY_PERF_BIAS: Set to 'normal', was 'performance'
[    1.573696] microcode: Current revision: 0x00000434
[    1.574581] IPI shorthand broadcast: enabled
[    1.574584] AVX2 version of gcm_enc/dec engaged.
[    1.575626] AES CTR mode by8 optimization enabled
[    1.576792] sched_clock: Marking stable (1561000459, 15758213)->(161161=
1518, -34852846)
[    1.576950] Timer migration: 2 hierarchy levels; 8 children per group; =
2 crossnode level
[    1.577127] registered taskstats version 1
[    1.577402] Loading compiled-in X.509 certificates
[    1.585727] Loaded X.509 cert 'Fedora kernel signing key: f9cbd582e5889=
bb21bd43994ed8eb88a8fb191cd'
[    1.590918] Loaded X.509 cert 'Fedora IMA CA: a8a00c31663f853f9c6ff2564=
872e378af026b28'
[    1.593125] Demotion targets for Node 0: null
[    1.593127] page_owner is disabled
[    1.593405] Key type .fscrypt registered
[    1.593406] Key type fscrypt-provisioning registered
[    1.594183] Btrfs loaded, zoned=3Dyes, fsverity=3Dyes
[    1.594200] Key type big_key registered
[    1.594206] Key type trusted registered
[    1.625231] Key type encrypted registered
[    1.625323] Loading compiled-in module X.509 certificates
[    1.625743] Loaded X.509 cert 'Fedora kernel signing key: f9cbd582e5889=
bb21bd43994ed8eb88a8fb191cd'
[    1.625746] ima: Allocated hash algorithm: sha256
[    1.683603] ima: No architecture policies found
[    1.683675] evm: Initialising EVM extended attributes:
[    1.683678] evm: security.selinux
[    1.683681] evm: security.SMACK64 (disabled)
[    1.683683] evm: security.SMACK64EXEC (disabled)
[    1.683685] evm: security.SMACK64TRANSMUTE (disabled)
[    1.683686] evm: security.SMACK64MMAP (disabled)
[    1.683688] evm: security.apparmor (disabled)
[    1.683690] evm: security.ima
[    1.683691] evm: security.capability
[    1.683693] evm: HMAC attrs: 0x1
[    1.762586] alg: No test for 842 (842-scomp)
[    1.762626] alg: No test for 842 (842-generic)
[    1.794875] usb 3-3: new low-speed USB device number 2 using xhci_hcd
[    1.833093] PM:   Magic number: 4:327:444
[    1.835786] RAS: Correctable Errors collector initialized.
[    1.842012] clk: Disabling unused clocks
[    1.842014] PM: genpd: Disabling unused power domains
[    1.846686] Freeing unused decrypted memory: 2028K
[    1.847510] Freeing unused kernel image (initmem) memory: 4720K
[    1.847525] Write protecting the kernel read-only data: 36864k
[    1.848425] Freeing unused kernel image (rodata/data gap) memory: 1088K
[    1.853282] x86/mm: Checked W+X mappings: passed, no W+X pages found.
[    1.853287] Run /init as init process
[    1.853288]   with arguments:
[    1.853289]     /init
[    1.853289]     rhgb
[    1.853290]   with environment:
[    1.853290]     HOME=3D/
[    1.853291]     TERM=3Dlinux
[    1.853291]     BOOT_IMAGE=3D(hd1,gpt2)/vmlinuz-6.10.6-200.fc40.x86_64
[    1.867045] systemd[1]: systemd 255.10-3.fc40 running in system mode (+=
PAM +AUDIT +SELINUX -APPARMOR +IMA +SMACK +SECCOMP -GCRYPT +GNUTLS +OPENSS=
L +ACL +BLKID +CURL +ELFUTILS +FIDO2 +IDN2 -IDN -IPTC +KMOD +LIBCRYPTSETUP=
 +LIBFDISK +PCRE2 +PWQUALITY +P11KIT +QRENCODE +TPM2 +BZIP2 +LZ4 +XZ +ZLIB=
 +ZSTD +BPF_FRAMEWORK +XKBCOMMON +UTMP +SYSVINIT default-hierarchy=3Dunifi=
ed)
[    1.867050] systemd[1]: Detected architecture x86-64.
[    1.867052] systemd[1]: Running in initrd.
[    1.867158] systemd[1]: No hostname configured, using default hostname.
[    1.867191] systemd[1]: Hostname set to <fedora>.
[    1.932431] usb 3-3: New USB device found, idVendor=3D045e, idProduct=
=3D0040, bcdDevice=3D 3.00
[    1.932434] usb 3-3: New USB device strings: Mfr=3D1, Product=3D3, Seri=
alNumber=3D0
[    1.932434] usb 3-3: Product: Microsoft 3-Button Mouse with IntelliEye(=
TM)
[    1.932435] usb 3-3: Manufacturer: Microsoft
[    1.935738] input: Microsoft Microsoft 3-Button Mouse with IntelliEye(T=
M) as /devices/pci0000:00/0000:00:14.0/usb3/3-3/3-3:1.0/0003:045E:0040.000=
1/input/input6
[    1.936093] hid-generic 0003:045E:0040.0001: input,hidraw0: USB HID v1.=
10 Mouse [Microsoft Microsoft 3-Button Mouse with IntelliEye(TM)] on usb-0=
000:00:14.0-3/input0
[    1.939498] systemd[1]: Queued start job for default target initrd.targ=
et.
[    1.956091] systemd[1]: Created slice system-systemd\x2dcryptsetup.slic=
e - Slice /system/systemd-cryptsetup.
[    1.956197] systemd[1]: Expecting device dev-disk-by\x2duuid-49436d43\x=
2da842\x2d4f89\x2da4aa\x2d93ea838ffd01.device - /dev/disk/by-uuid/49436d43=
-a842-4f89-a4aa-93ea838ffd01...
[    1.956208] systemd[1]: Expecting device dev-disk-by\x2duuid-59545c18\x=
2d3923\x2d4411\x2d9c12\x2d245ab6cee067.device - /dev/disk/by-uuid/59545c18=
-3923-4411-9c12-245ab6cee067...
[    1.956239] systemd[1]: Reached target initrd-usr-fs.target - Initrd /u=
sr File System.
[    1.956272] systemd[1]: Reached target slices.target - Slice Units.
[    1.956295] systemd[1]: Reached target swap.target - Swaps.
[    1.956316] systemd[1]: Reached target timers.target - Timer Units.
[    1.956474] systemd[1]: Listening on systemd-journald-dev-log.socket - =
Journal Socket (/dev/log).
[    1.956620] systemd[1]: Listening on systemd-journald.socket - Journal =
Socket.
[    1.956781] systemd[1]: Listening on systemd-udevd-control.socket - ude=
v Control Socket.
[    1.956897] systemd[1]: Listening on systemd-udevd-kernel.socket - udev=
 Kernel Socket.
[    1.956921] systemd[1]: Reached target sockets.target - Socket Units.
[    1.958027] systemd[1]: Starting kmod-static-nodes.service - Create Lis=
t of Static Device Nodes...
[    1.958083] systemd[1]: memstrack.service - Memstrack Anylazing Service=
 was skipped because no trigger condition checks were met.
[    1.960267] systemd[1]: Starting systemd-journald.service - Journal Ser=
vice...
[    1.961157] systemd[1]: Starting systemd-modules-load.service - Load Ke=
rnel Modules...
[    1.961192] systemd[1]: systemd-pcrphase-initrd.service - TPM2 PCR Barr=
ier (initrd) was skipped because of an unmet condition check (ConditionSec=
urity=3Dmeasured-uki).
[    1.961966] systemd[1]: Starting systemd-vconsole-setup.service - Virtu=
al Console Setup...
[    1.963155] systemd[1]: Finished kmod-static-nodes.service - Create Lis=
t of Static Device Nodes.
[    1.963778] systemd[1]: Starting systemd-tmpfiles-setup-dev-early.servi=
ce - Create Static Device Nodes in /dev gracefully...
[    1.968572] systemd-journald[382]: Collecting audit messages is disable=
d.
[    1.974549] fuse: init (API version 7.40)
[    1.976628] systemd[1]: Finished systemd-tmpfiles-setup-dev-early.servi=
ce - Create Static Device Nodes in /dev gracefully.
[    1.977169] systemd[1]: Starting systemd-sysusers.service - Create Syst=
em Users...
[    1.977842] systemd[1]: Finished systemd-modules-load.service - Load Ke=
rnel Modules.
[    1.978372] systemd[1]: Starting systemd-sysctl.service - Apply Kernel =
Variables...
[    1.982386] systemd[1]: Finished systemd-sysctl.service - Apply Kernel =
Variables.
[    1.983394] systemd[1]: Started systemd-journald.service - Journal Serv=
ice.
[    2.050894] usb 3-6: new high-speed USB device number 3 using xhci_hcd
[    2.193353] usb 3-6: New USB device found, idVendor=3D0c45, idProduct=
=3D673c, bcdDevice=3D13.15
[    2.193360] usb 3-6: New USB device strings: Mfr=3D2, Product=3D1, Seri=
alNumber=3D0
[    2.193363] usb 3-6: Product: Integrated_Webcam_FHD
[    2.193364] usb 3-6: Manufacturer: CN08981J8LG00273B027A00
[    2.296175] wmi_bus wmi_bus-PNP0C14:02: [Firmware Bug]: WQBC data block=
 query control method not found
[    2.305619] input: PS/2 Generic Mouse as /devices/platform/i8042/serio1=
/input/input5
[    2.309517] vmd 0000:00:0e.0: PCI host bridge to bus 10000:e0
[    2.309523] pci_bus 10000:e0: root bus resource [bus e0-ff]
[    2.309526] pci_bus 10000:e0: root bus resource [mem 0x62000000-0x63fff=
fff]
[    2.309527] pci_bus 10000:e0: root bus resource [mem 0x6075102000-0x607=
51fffff 64bit]
[    2.309554] pci 10000:e0:06.0: [8086:464d] type 01 class 0x060400 PCIe =
Root Port
[    2.309570] pci 10000:e0:06.0: PCI bridge to [bus e1]
[    2.309574] pci 10000:e0:06.0:   bridge window [io  0x0000-0x0fff]
[    2.309577] pci 10000:e0:06.0:   bridge window [mem 0x62100000-0x621fff=
ff]
[    2.309617] pci 10000:e0:06.0: PME# supported from D0 D3hot D3cold
[    2.309641] pci 10000:e0:06.0: PTM enabled (root), 4ns granularity
[    2.309768] pci 10000:e0:06.0: Adding to iommu group 9
[    2.309798] pci 10000:e0:06.2: [8086:463d] type 01 class 0x060400 PCIe =
Root Port
[    2.309812] pci 10000:e0:06.2: PCI bridge to [bus e2]
[    2.309816] pci 10000:e0:06.2:   bridge window [io  0x0000-0x0fff]
[    2.309818] pci 10000:e0:06.2:   bridge window [mem 0x62200000-0x622fff=
ff]
[    2.309856] pci 10000:e0:06.2: PME# supported from D0 D3hot D3cold
[    2.309878] pci 10000:e0:06.2: PTM enabled (root), 4ns granularity
[    2.309986] pci 10000:e0:06.2: Adding to iommu group 9
[    2.310013] pci 10000:e0:17.0: [8086:51d3] type 00 class 0x010601 conve=
ntional PCI endpoint
[    2.310031] pci 10000:e0:17.0: BAR 0 [mem 0x00000000-0x00001fff]
[    2.310047] pci 10000:e0:17.0: BAR 1 [mem 0x00000000-0x000000ff]
[    2.310059] pci 10000:e0:17.0: BAR 2 [io  0x0000-0x0007]
[    2.310072] pci 10000:e0:17.0: BAR 3 [io  0x0000-0x0003]
[    2.310085] pci 10000:e0:17.0: BAR 4 [io  0x0000-0x001f]
[    2.310098] pci 10000:e0:17.0: BAR 5 [mem 0x62000000-0x620007ff]
[    2.310143] pci 10000:e0:17.0: PME# supported from D3hot
[    2.310206] pci 10000:e0:17.0: Adding to iommu group 9
[    2.310215] pci 10000:e0:06.0: Primary bus is hard wired to 0
[    2.310263] pci 10000:e1:00.0: [144d:a80a] type 00 class 0x010802 PCIe =
Endpoint
[    2.310281] pci 10000:e1:00.0: BAR 0 [mem 0x62100000-0x62103fff 64bit]
[    2.310539] pci 10000:e1:00.0: Adding to iommu group 9
[    2.310569] pci 10000:e0:06.0: PCI bridge to [bus e1]
[    2.310575] pci 10000:e0:06.2: Primary bus is hard wired to 0
[    2.311025] pci 10000:e2:00.0: [15b7:5030] type 00 class 0x010802 PCIe =
Endpoint
[    2.311041] pci 10000:e2:00.0: BAR 0 [mem 0x62200000-0x62203fff 64bit]
[    2.311281] pci 10000:e2:00.0: Adding to iommu group 9
[    2.311309] pci 10000:e0:06.2: PCI bridge to [bus e2]
[    2.311316] pci 10000:e0:06.0: Primary bus is hard wired to 0
[    2.311320] pci 10000:e0:06.2: Primary bus is hard wired to 0
[    2.466997] input: VEN_0488:00 0488:1042 Mouse as /devices/pci0000:00/0=
000:00:15.1/i2c_designware.1/i2c-1/i2c-VEN_0488:00/0018:0488:1042.0002/inp=
ut/input7
[    2.467434] input: VEN_0488:00 0488:1042 Touchpad as /devices/pci0000:0=
0/0000:00:15.1/i2c_designware.1/i2c-1/i2c-VEN_0488:00/0018:0488:1042.0002/=
input/input8
[    2.467912] hid-generic 0018:0488:1042.0002: input,hidraw1: I2C HID v1.=
00 Mouse [VEN_0488:00 0488:1042] on i2c-VEN_0488:00
[    2.540182] input: VEN_0488:00 0488:1042 Mouse as /devices/pci0000:00/0=
000:00:15.1/i2c_designware.1/i2c-1/i2c-VEN_0488:00/0018:0488:1042.0002/inp=
ut/input10
[    2.540413] input: VEN_0488:00 0488:1042 Touchpad as /devices/pci0000:0=
0/0000:00:15.1/i2c_designware.1/i2c-1/i2c-VEN_0488:00/0018:0488:1042.0002/=
input/input11
[    2.540658] hid-multitouch 0018:0488:1042.0002: input,hidraw1: I2C HID =
v1.00 Mouse [VEN_0488:00 0488:1042] on i2c-VEN_0488:00
[    2.583032] pci 10000:e0:06.0: bridge window [mem 0x62000000-0x620fffff=
]: assigned
[    2.583037] pci 10000:e0:06.2: bridge window [mem 0x62100000-0x621fffff=
]: assigned
[    2.583039] pci 10000:e0:17.0: BAR 0 [mem 0x62200000-0x62201fff]: assig=
ned
[    2.583057] pci 10000:e0:06.0: bridge window [io  size 0x1000]: can't a=
ssign; no space
[    2.583058] pci 10000:e0:06.0: bridge window [io  size 0x1000]: failed =
to assign
[    2.583059] pci 10000:e0:06.2: bridge window [io  size 0x1000]: can't a=
ssign; no space
[    2.583060] pci 10000:e0:06.2: bridge window [io  size 0x1000]: failed =
to assign
[    2.583061] pci 10000:e0:17.0: BAR 5 [mem 0x62202000-0x622027ff]: assig=
ned
[    2.583084] pci 10000:e0:17.0: BAR 1 [mem 0x62202800-0x622028ff]: assig=
ned
[    2.583089] pci 10000:e0:17.0: BAR 4 [io  size 0x0020]: can't assign; n=
o space
[    2.583090] pci 10000:e0:17.0: BAR 4 [io  size 0x0020]: failed to assig=
n
[    2.583091] pci 10000:e0:17.0: BAR 2 [io  size 0x0008]: can't assign; n=
o space
[    2.583091] pci 10000:e0:17.0: BAR 2 [io  size 0x0008]: failed to assig=
n
[    2.583092] pci 10000:e0:17.0: BAR 3 [io  size 0x0004]: can't assign; n=
o space
[    2.583093] pci 10000:e0:17.0: BAR 3 [io  size 0x0004]: failed to assig=
n
[    2.583095] pci 10000:e1:00.0: BAR 0 [mem 0x62000000-0x62003fff 64bit]:=
 assigned
[    2.583103] pci 10000:e0:06.0: PCI bridge to [bus e1]
[    2.583106] pci 10000:e0:06.0:   bridge window [mem 0x62000000-0x620fff=
ff]
[    2.583112] pci 10000:e2:00.0: BAR 0 [mem 0x62100000-0x62103fff 64bit]:=
 assigned
[    2.583119] pci 10000:e0:06.2: PCI bridge to [bus e2]
[    2.583121] pci 10000:e0:06.2:   bridge window [mem 0x62100000-0x621fff=
ff]
[    2.583130] pci 10000:e1:00.0: can't override BIOS ASPM; OS doesn't hav=
e ASPM control
[    2.583136] pci 10000:e1:00.0: VMD: Default LTR value set by driver
[    2.583140] pci 10000:e2:00.0: can't override BIOS ASPM; OS doesn't hav=
e ASPM control
[    2.583143] pci 10000:e2:00.0: VMD: Default LTR value set by driver
[    2.583165] pcieport 10000:e0:06.0: can't derive routing for PCI INT D
[    2.583167] pcieport 10000:e0:06.0: PCI INT D: no GSI
[    2.583234] pcieport 10000:e0:06.0: PME: Signaling with IRQ 161
[    2.583302] pcieport 10000:e0:06.2: can't derive routing for PCI INT B
[    2.583304] pcieport 10000:e0:06.2: PCI INT B: no GSI
[    2.583338] pcieport 10000:e0:06.2: PME: Signaling with IRQ 162
[    2.583424] ahci 10000:e0:17.0: can't derive routing for PCI INT A
[    2.583426] ahci 10000:e0:17.0: PCI INT A: no GSI
[    2.583562] ahci 10000:e0:17.0: AHCI vers 0001.0301, 32 command slots, =
6 Gbps, SATA mode
[    2.583564] ahci 10000:e0:17.0: 0/1 ports implemented (port mask 0x0)
[    2.583565] ahci 10000:e0:17.0: flags: 64bit ncq sntf pm clo only pio s=
lum part deso sadm sds
[    2.583946] scsi host0: ahci
[    2.584010] ata1: DUMMY
[    2.584042] vmd 0000:00:0e.0: Bound to PCI domain 10000
[    2.730104] ACPI Warning: \_SB.PC00.PEG1.PEGP._DSM: Argument #4 type mi=
smatch - Found [Buffer], ACPI requires [Package] (20240322/nsarguments-61)
[    2.730170] pci 0000:01:00.0: optimus capabilities: enabled, status dyn=
amic power, hda bios codec supported
[    2.730195] VGA switcheroo: detected Optimus DSM method \_SB_.PC00.PEG1=
.PEGP handle
[    2.730195] nouveau: detected PR support, will not use DSM
[    2.730549] nouveau 0000:01:00.0: NVIDIA TU117 (167000a1)
[    2.933821] i915 0000:00:02.0: [drm] VT-d active for gfx access
[    2.935136] nvme nvme0: pci function 10000:e1:00.0
[    2.935143] pcieport 10000:e0:06.0: can't derive routing for PCI INT A
[    2.935143] nvme nvme1: pci function 10000:e2:00.0
[    2.935145] nvme 10000:e1:00.0: PCI INT A: not connected
[    2.935151] pcieport 10000:e0:06.2: can't derive routing for PCI INT A
[    2.935153] nvme 10000:e2:00.0: PCI INT A: no GSI
[    2.937257] nvme nvme0: D3 entry latency set to 10 seconds
[    2.941288] nvme nvme0: 18/0/0 default/read/poll queues
[    2.944036]  nvme0n1: p1
[    2.951099] i915 0000:00:02.0: vgaarb: deactivate vga console
[    2.951153] i915 0000:00:02.0: [drm] Using Transparent Hugepages
[    2.951523] i915 0000:00:02.0: vgaarb: VGA decodes changed: olddecodes=
=3Dio+mem,decodes=3Dio+mem:owns=3Dio+mem
[    2.955006] i915 0000:00:02.0: [drm] Finished loading DMC firmware i915=
/adlp_dmc.bin (v2.20)
[    2.963068] nvme nvme1: 18/0/0 default/read/poll queues
[    2.966856]  nvme1n1: p1 p2 p3
[    3.022826] i915 0000:00:02.0: [drm] GT0: GuC firmware i915/adlp_guc_70=
.bin version 70.29.2
[    3.022830] i915 0000:00:02.0: [drm] GT0: HuC firmware i915/tgl_huc.bin=
 version 7.9.3
[    3.037268] i915 0000:00:02.0: [drm] GT0: HuC: authenticated for all wo=
rkloads
[    3.037977] i915 0000:00:02.0: [drm] GT0: GUC: submission enabled
[    3.037979] i915 0000:00:02.0: [drm] GT0: GUC: SLPC enabled
[    3.038654] i915 0000:00:02.0: [drm] GT0: GUC: RC enabled
[    3.039710] i915 0000:00:02.0: [drm] Protected Xe Path (PXP) protected =
content support initialized
[    3.051144] [drm] Initialized i915 1.6.0 20230929 for 0000:00:02.0 on m=
inor 1
[    3.051364] ACPI: video: Video Device [PEGP] (multi-head: no  rom: yes =
 post: no)
[    3.051384] input: Video Bus as /devices/LNXSYSTM:00/LNXSYBUS:00/PNP0A0=
8:00/device:03/LNXVIDEO:00/input/input13
[    3.054671] ACPI: video: Video Device [GFX0] (multi-head: yes  rom: no =
 post: no)
[    3.057164] input: Video Bus as /devices/LNXSYSTM:00/LNXSYBUS:00/PNP0A0=
8:00/LNXVIDEO:01/input/input14
[    3.062962] fbcon: i915drmfb (fb0) is primary device
[    3.062963] fbcon: Deferring console take-over
[    3.062964] i915 0000:00:02.0: [drm] fb0: i915drmfb frame buffer device
[    3.141529] ish-hid {33AECD58-B679-4E54-9BD9-A04D34F0C226}: [hid-ish]: =
enum_devices_done OK, num_hid_devices=3D2
[    3.146606] nouveau 0000:01:00.0: bios: version 90.17.8d.40.48
[    3.151570] hid-generic 001F:8087:0AC2.0003: hidraw2: SENSOR HUB HID v2=
.00 Device [hid-ishtp 8087:0AC2] on
[    3.160891] hid-generic 001F:8087:0AC2.0004: hidraw3: SENSOR HUB HID v2=
.00 Device [hid-ishtp 8087:0AC2] on
[    3.238414] hid-sensor-hub 001F:8087:0AC2.0003: hidraw2: SENSOR HUB HID=
 v2.00 Device [hid-ishtp 8087:0AC2] on
[    3.239181] hid-sensor-hub 001F:8087:0AC2.0004: hidraw3: SENSOR HUB HID=
 v2.00 Device [hid-ishtp 8087:0AC2] on
[    4.454610] vga_switcheroo: enabled
[    4.454786] nouveau 0000:01:00.0: DRM: VRAM: 4096 MiB
[    4.454789] nouveau 0000:01:00.0: DRM: GART: 536870912 MiB
[    4.514916] nouveau 0000:01:00.0: DRM: MM: using COPY for buffer copies
[    4.515215] [drm] Initialized nouveau 1.4.0 20120801 for 0000:01:00.0 o=
n minor 0
[    4.517993] nouveau 0000:01:00.0: [drm] No compatible format found
[    4.517994] nouveau 0000:01:00.0: [drm] Cannot find any crtc or sizes
[   14.017829] BTRFS: device label fedora devid 1 transid 3688 /dev/mapper=
/luks-49436d43-a842-4f89-a4aa-93ea838ffd01 (253:0) scanned by mount (1106)
[   14.018359] BTRFS info (device dm-0): first mount of filesystem 59545c1=
8-3923-4411-9c12-245ab6cee067
[   14.018396] BTRFS info (device dm-0): using crc32c (crc32c-intel) check=
sum algorithm
[   14.018405] BTRFS info (device dm-0): using free-space-tree
[   14.154797] systemd-journald[382]: Received SIGTERM from PID 1 (systemd=
).
[   14.205083] audit: type=3D1404 audit(1724783083.143:2): enforcing=3D1 o=
ld_enforcing=3D0 auid=3D4294967295 ses=3D4294967295 enabled=3D1 old-enable=
d=3D1 lsm=3Dselinux res=3D1
[   14.239652] SELinux:  policy capability network_peer_controls=3D1
[   14.239654] SELinux:  policy capability open_perms=3D1
[   14.239655] SELinux:  policy capability extended_socket_class=3D1
[   14.239655] SELinux:  policy capability always_check_network=3D0
[   14.239656] SELinux:  policy capability cgroup_seclabel=3D1
[   14.239656] SELinux:  policy capability nnp_nosuid_transition=3D1
[   14.239656] SELinux:  policy capability genfs_seclabel_symlinks=3D1
[   14.239657] SELinux:  policy capability ioctl_skip_cloexec=3D0
[   14.239657] SELinux:  policy capability userspace_initial_context=3D0
[   14.268438] audit: type=3D1403 audit(1724783083.206:3): auid=3D42949672=
95 ses=3D4294967295 lsm=3Dselinux res=3D1
[   14.268884] systemd[1]: Successfully loaded SELinux policy in 64.229ms.
[   14.286387] systemd[1]: Relabeled /dev, /dev/shm, /run, /sys/fs/cgroup =
in 14.043ms.
[   14.289727] systemd[1]: systemd 255.10-3.fc40 running in system mode (+=
PAM +AUDIT +SELINUX -APPARMOR +IMA +SMACK +SECCOMP -GCRYPT +GNUTLS +OPENSS=
L +ACL +BLKID +CURL +ELFUTILS +FIDO2 +IDN2 -IDN -IPTC +KMOD +LIBCRYPTSETUP=
 +LIBFDISK +PCRE2 +PWQUALITY +P11KIT +QRENCODE +TPM2 +BZIP2 +LZ4 +XZ +ZLIB=
 +ZSTD +BPF_FRAMEWORK +XKBCOMMON +UTMP +SYSVINIT default-hierarchy=3Dunifi=
ed)
[   14.289730] systemd[1]: Detected architecture x86-64.
[   14.291376] systemd[1]: Hostname set to <juicefast>.
[   14.370302] systemd[1]: bpf-lsm: LSM BPF program attached
[   14.491283] zram: Added device: zram0
[   14.591130] systemd[1]: systemd-ask-password-plymouth.service: Deactiva=
ted successfully.
[   14.591266] systemd[1]: initrd-switch-root.service: Deactivated success=
fully.
[   14.591314] systemd[1]: Stopped initrd-switch-root.service - Switch Roo=
t.
[   14.592056] systemd[1]: systemd-journald.service: Scheduled restart job=
, restart counter is at 1.
[   14.592330] systemd[1]: Created slice machine.slice - Virtual Machine a=
nd Container Slice.
[   14.592557] systemd[1]: Created slice system-getty.slice - Slice /syste=
m/getty.
[   14.592754] systemd[1]: Created slice system-systemd\x2dfsck.slice - Sl=
ice /system/systemd-fsck.
[   14.592953] systemd[1]: Created slice system-systemd\x2dzram\x2dsetup.s=
lice - Slice /system/systemd-zram-setup.
[   14.593091] systemd[1]: Created slice user.slice - User and Session Sli=
ce.
[   14.593105] systemd[1]: systemd-ask-password-console.path - Dispatch Pa=
ssword Requests to Console Directory Watch was skipped because of an unmet=
 condition check (ConditionPathExists=3D!/run/plymouth/pid).
[   14.593198] systemd[1]: Started systemd-ask-password-wall.path - Forwar=
d Password Requests to Wall Directory Watch.
[   14.593500] systemd[1]: Set up automount proc-sys-fs-binfmt_misc.automo=
unt - Arbitrary Executable File Formats File System Automount Point.
[   14.593515] systemd[1]: Expecting device dev-disk-by\x2duuid-082f08c2\x=
2dfaa7\x2d432e\x2dbbb2\x2ddb65ef31d4ea.device - /dev/disk/by-uuid/082f08c2=
-faa7-432e-bbb2-db65ef31d4ea...
[   14.593524] systemd[1]: Expecting device dev-disk-by\x2duuid-3C4D\x2d6E=
99.device - /dev/disk/by-uuid/3C4D-6E99...
[   14.593534] systemd[1]: Expecting device dev-zram0.device - /dev/zram0.=
..
[   14.593548] systemd[1]: Reached target blockdev@dev-mapper-luks\x2d4943=
6d43\x2da842\x2d4f89\x2da4aa\x2d93ea838ffd01.target - Block Device Prepara=
tion for /dev/mapper/luks-49436d43-a842-4f89-a4aa-93ea838ffd01.
[   14.593560] systemd[1]: Reached target cryptsetup.target - Local Encryp=
ted Volumes.
[   14.593572] systemd[1]: Reached target getty.target - Login Prompts.
[   14.593586] systemd[1]: Stopped target initrd-switch-root.target - Swit=
ch Root.
[   14.593597] systemd[1]: Stopped target initrd-fs.target - Initrd File S=
ystems.
[   14.593606] systemd[1]: Stopped target initrd-root-fs.target - Initrd R=
oot File System.
[   14.593617] systemd[1]: Reached target integritysetup.target - Local In=
tegrity Protected Volumes.
[   14.593650] systemd[1]: Reached target slices.target - Slice Units.
[   14.593669] systemd[1]: Reached target veritysetup.target - Local Verit=
y Protected Volumes.
[   14.593977] systemd[1]: Listening on dm-event.socket - Device-mapper ev=
ent daemon FIFOs.
[   14.594716] systemd[1]: Listening on lvm2-lvmpolld.socket - LVM2 poll d=
aemon socket.
[   14.595490] systemd[1]: Listening on systemd-coredump.socket - Process =
Core Dump Socket.
[   14.595556] systemd[1]: Listening on systemd-initctl.socket - initctl C=
ompatibility Named Pipe.
[   14.595857] systemd[1]: Listening on systemd-journald-audit.socket - Jo=
urnal Audit Socket.
[   14.596045] systemd[1]: Listening on systemd-oomd.socket - Userspace Ou=
t-Of-Memory (OOM) Killer Socket.
[   14.596081] systemd[1]: systemd-pcrextend.socket - TPM2 PCR Extension (=
Varlink) was skipped because of an unmet condition check (ConditionSecurit=
y=3Dmeasured-uki).
[   14.596606] systemd[1]: Listening on systemd-udevd-control.socket - ude=
v Control Socket.
[   14.596729] systemd[1]: Listening on systemd-udevd-kernel.socket - udev=
 Kernel Socket.
[   14.596984] systemd[1]: Listening on systemd-userdbd.socket - User Data=
base Manager Socket.
[   14.620023] systemd[1]: Mounting dev-hugepages.mount - Huge Pages File =
System...
[   14.621468] systemd[1]: Mounting dev-mqueue.mount - POSIX Message Queue=
 File System...
[   14.622308] systemd[1]: Mounting sys-kernel-debug.mount - Kernel Debug =
File System...
[   14.622889] systemd[1]: Mounting sys-kernel-tracing.mount - Kernel Trac=
e File System...
[   14.623000] systemd[1]: auth-rpcgss-module.service - Kernel Module supp=
orting RPCSEC_GSS was skipped because of an unmet condition check (Conditi=
onPathExists=3D/etc/krb5.keytab).
[   14.623384] systemd[1]: iscsi-starter.service was skipped because of an=
 unmet condition check (ConditionDirectoryNotEmpty=3D/var/lib/iscsi/nodes)=
.
[   14.623944] systemd[1]: Starting kmod-static-nodes.service - Create Lis=
t of Static Device Nodes...
[   14.624544] systemd[1]: Starting lvm2-monitor.service - Monitoring of L=
VM2 mirrors, snapshots etc. using dmeventd or progress polling...
[   14.625084] systemd[1]: Starting modprobe@configfs.service - Load Kerne=
l Module configfs...
[   14.625677] systemd[1]: Starting modprobe@dm_mod.service - Load Kernel =
Module dm_mod...
[   14.626380] systemd[1]: Starting modprobe@drm.service - Load Kernel Mod=
ule drm...
[   14.626900] systemd[1]: Starting modprobe@efi_pstore.service - Load Ker=
nel Module efi_pstore...
[   14.627525] systemd[1]: Starting modprobe@fuse.service - Load Kernel Mo=
dule fuse...
[   14.628194] systemd[1]: Starting modprobe@loop.service - Load Kernel Mo=
dule loop...
[   14.628270] systemd[1]: plymouth-switch-root.service: Deactivated succe=
ssfully.
[   14.628324] systemd[1]: Stopped plymouth-switch-root.service - Plymouth=
 switch root service.
[   14.628518] systemd[1]: systemd-fsck-root.service: Deactivated successf=
ully.
[   14.628534] systemd[1]: Stopped systemd-fsck-root.service - File System=
 Check on Root Device.
[   14.630158] systemd[1]: Starting systemd-journald.service - Journal Ser=
vice...
[   14.630735] systemd[1]: Starting systemd-modules-load.service - Load Ke=
rnel Modules...
[   14.631217] systemd[1]: Starting systemd-network-generator.service - Ge=
nerate network units from Kernel command line...
[   14.631238] systemd[1]: systemd-pcrmachine.service - TPM2 PCR Machine I=
D Measurement was skipped because of an unmet condition check (ConditionSe=
curity=3Dmeasured-uki).
[   14.631733] systemd[1]: Starting systemd-remount-fs.service - Remount R=
oot and Kernel File Systems...
[   14.631864] systemd[1]: systemd-tpm2-setup-early.service - TPM2 SRK Set=
up (Early) was skipped because of an unmet condition check (ConditionSecur=
ity=3Dmeasured-uki).
[   14.632953] systemd[1]: Starting systemd-udev-trigger.service - Coldplu=
g All udev Devices...
[   14.633788] loop: module loaded
[   14.634194] systemd[1]: Mounted dev-hugepages.mount - Huge Pages File S=
ystem.
[   14.634311] systemd[1]: Mounted dev-mqueue.mount - POSIX Message Queue =
File System.
[   14.634381] systemd[1]: Mounted sys-kernel-debug.mount - Kernel Debug F=
ile System.
[   14.634445] systemd[1]: Mounted sys-kernel-tracing.mount - Kernel Trace=
 File System.
[   14.634739] systemd[1]: Finished kmod-static-nodes.service - Create Lis=
t of Static Device Nodes.
[   14.634963] systemd[1]: modprobe@configfs.service: Deactivated successf=
ully.
[   14.635070] systemd[1]: Finished modprobe@configfs.service - Load Kerne=
l Module configfs.
[   14.635252] systemd[1]: modprobe@dm_mod.service: Deactivated successful=
ly.
[   14.635345] systemd[1]: Finished modprobe@dm_mod.service - Load Kernel =
Module dm_mod.
[   14.635514] systemd[1]: modprobe@drm.service: Deactivated successfully.
[   14.635610] systemd[1]: Finished modprobe@drm.service - Load Kernel Mod=
ule drm.
[   14.635750] systemd[1]: modprobe@efi_pstore.service: Deactivated succes=
sfully.
[   14.635828] systemd[1]: Finished modprobe@efi_pstore.service - Load Ker=
nel Module efi_pstore.
[   14.635940] systemd[1]: modprobe@fuse.service: Deactivated successfully=
.
[   14.635998] systemd[1]: Finished modprobe@fuse.service - Load Kernel Mo=
dule fuse.
[   14.636109] systemd[1]: modprobe@loop.service: Deactivated successfully=
.
[   14.636169] systemd[1]: Finished modprobe@loop.service - Load Kernel Mo=
dule loop.
[   14.636948] systemd[1]: Mounting sys-fs-fuse-connections.mount - FUSE C=
ontrol File System...
[   14.637017] systemd[1]: systemd-repart.service - Repartition Root Disk =
was skipped because no trigger condition checks were met.
[   14.637878] systemd[1]: Starting systemd-tmpfiles-setup-dev-early.servi=
ce - Create Static Device Nodes in /dev gracefully...
[   14.638053] BTRFS info (device dm-0 state M): use zstd compression, lev=
el 1
[   14.638929] systemd[1]: Finished systemd-modules-load.service - Load Ke=
rnel Modules.
[   14.639133] systemd[1]: Finished systemd-network-generator.service - Ge=
nerate network units from Kernel command line.
[   14.639239] systemd[1]: Finished systemd-remount-fs.service - Remount R=
oot and Kernel File Systems.
[   14.639328] systemd[1]: iscsi-onboot.service - Special handling of earl=
y boot iSCSI sessions was skipped because of an unmet condition check (Con=
ditionDirectoryNotEmpty=3D/sys/class/iscsi_session).
[   14.639613] systemd[1]: systemd-hwdb-update.service - Rebuild Hardware =
Database was skipped because of an unmet condition check (ConditionNeedsUp=
date=3D/etc).
[   14.639644] systemd[1]: systemd-pstore.service - Platform Persistent St=
orage Archival was skipped because of an unmet condition check (ConditionD=
irectoryNotEmpty=3D/sys/fs/pstore).
[   14.640248] systemd[1]: Starting systemd-random-seed.service - Load/Sav=
e OS Random Seed...
[   14.640825] systemd[1]: Starting systemd-sysctl.service - Apply Kernel =
Variables...
[   14.640866] systemd[1]: systemd-tpm2-setup.service - TPM2 SRK Setup was=
 skipped because of an unmet condition check (ConditionSecurity=3Dmeasured=
-uki).
[   14.641410] systemd[1]: Mounted sys-fs-fuse-connections.mount - FUSE Co=
ntrol File System.
[   14.641742] systemd-journald[1214]: Collecting audit messages is enable=
d.
[   14.643899] systemd[1]: Started systemd-journald.service - Journal Serv=
ice.
[   14.644044] audit: type=3D1130 audit(1724783083.582:4): pid=3D1 uid=3D0=
 auid=3D4294967295 ses=3D4294967295 subj=3Dsystem_u:system_r:init_t:s0 msg=
=3D'unit=3Dsystemd-journald comm=3D"systemd" exe=3D"/usr/lib/systemd/syste=
md" hostname=3D? addr=3D? terminal=3D? res=3Dsuccess'
[   14.664355] audit: type=3D1130 audit(1724783083.602:5): pid=3D1 uid=3D0=
 auid=3D4294967295 ses=3D4294967295 subj=3Dsystem_u:system_r:init_t:s0 msg=
=3D'unit=3Dsystemd-random-seed comm=3D"systemd" exe=3D"/usr/lib/systemd/sy=
stemd" hostname=3D? addr=3D? terminal=3D? res=3Dsuccess'
[   14.665019] systemd-journald[1214]: Received client request to flush ru=
ntime journal.
[   14.665491] audit: type=3D1334 audit(1724783083.603:6): prog-id=3D41 op=
=3DLOAD
[   14.665495] audit: type=3D1334 audit(1724783083.603:7): prog-id=3D42 op=
=3DLOAD
[   14.665497] audit: type=3D1334 audit(1724783083.603:8): prog-id=3D43 op=
=3DLOAD
[   14.666727] audit: type=3D1130 audit(1724783083.604:9): pid=3D1 uid=3D0=
 auid=3D4294967295 ses=3D4294967295 subj=3Dsystem_u:system_r:init_t:s0 msg=
=3D'unit=3Dsystemd-sysctl comm=3D"systemd" exe=3D"/usr/lib/systemd/systemd=
" hostname=3D? addr=3D? terminal=3D? res=3Dsuccess'
[   14.672006] systemd-journald[1214]: /var/log/journal/22eefcbae62e456490=
34b9fa7cc627d0/system.journal: Journal file uses a different sequence numb=
er ID, rotating.
[   14.672009] systemd-journald[1214]: Rotating system journal.
[   14.672106] audit: type=3D1130 audit(1724783083.610:10): pid=3D1 uid=3D=
0 auid=3D4294967295 ses=3D4294967295 subj=3Dsystem_u:system_r:init_t:s0 ms=
g=3D'unit=3Dlvm2-monitor comm=3D"systemd" exe=3D"/usr/lib/systemd/systemd"=
 hostname=3D? addr=3D? terminal=3D? res=3Dsuccess'
[   14.681574] audit: type=3D1130 audit(1724783083.619:11): pid=3D1 uid=3D=
0 auid=3D4294967295 ses=3D4294967295 subj=3Dsystem_u:system_r:init_t:s0 ms=
g=3D'unit=3Dsystemd-userdbd comm=3D"systemd" exe=3D"/usr/lib/systemd/syste=
md" hostname=3D? addr=3D? terminal=3D? res=3Dsuccess'
[   14.794859] BTRFS info: devid 1 device path /dev/mapper/luks-49436d43-a=
842-4f89-a4aa-93ea838ffd01 changed to /dev/dm-0 scanned by (udev-worker) (=
1288)
[   14.795713] BTRFS info: devid 1 device path /dev/dm-0 changed to /dev/m=
apper/luks-49436d43-a842-4f89-a4aa-93ea838ffd01 scanned by (udev-worker) (=
1288)
[   14.806005] zram0: detected capacity change from 0 to 16777216
[   14.827201] Consider using thermal netlink events interface
[   14.832888] input: Intel HID events as /devices/platform/INTC1070:00/in=
put/input15
[   14.835893] intel-hid INTC1070:00: platform supports 5 button array
[   14.838245] input: Intel HID 5 button array as /devices/platform/INTC10=
70:00/input/input16
[   14.841471] intel_pmc_core INT33A1:00:  initialized
[   14.861616] resource: resource sanity check: requesting [mem 0x00000000=
fedc0000-0x00000000fedcffff], which spans more than pnp 00:05 [mem 0xfedc0=
000-0xfedc7fff]
[   14.861622] caller igen6_probe+0x2f6/0x800 [igen6_edac] mapping multipl=
e BARs
[   14.862299] EDAC MC0: Giving out device to module igen6_edac controller=
 Intel_client_SoC MC#0: DEV 0000:00:00.0 (INTERRUPT)
[   14.866173] EDAC MC1: Giving out device to module igen6_edac controller=
 Intel_client_SoC MC#1: DEV 0000:00:00.0 (INTERRUPT)
[   14.866204] EDAC igen6 MC1: HANDLING IBECC MEMORY ERROR
[   14.866206] EDAC igen6 MC1: ADDR 0x7fffffffe0
[   14.866208] EDAC igen6 MC0: HANDLING IBECC MEMORY ERROR
[   14.866209] EDAC igen6 MC0: ADDR 0x7fffffffe0
[   14.866247] EDAC igen6: v2.5.1
[   14.878331] mc: Linux media interface: v0.10
[   14.879200] Adding 8388604k swap on /dev/zram0.  Priority:100 extents:1=
 across:8388604k SSDsc
[   14.879226] ACPI: battery: new extension: Dell DDV Battery Extension
[   14.879237] input: PC Speaker as /devices/platform/pcspkr/input/input17
[   14.882876] e1000e: Intel(R) PRO/1000 Network Driver
[   14.882878] e1000e: Copyright(c) 1999 - 2015 Intel Corporation.
[   14.882904] e1000e 0000:00:1f.6: enabling device (0000 -> 0002)
[   14.883303] e1000e 0000:00:1f.6: Interrupt Throttling Rate (ints/sec) s=
et to dynamic conservative mode
[   14.888956] idma64 idma64.0: Found Intel integrated DMA 64-bit
[   14.889061] ACPI: bus type thunderbolt registered
[   14.895013] videodev: Linux video capture interface: v2.00
[   14.901332] idma64 idma64.1: Found Intel integrated DMA 64-bit
[   14.943010] RAPL PMU: API unit is 2^-32 Joules, 4 fixed counters, 65536=
0 ms ovfl timer
[   14.943013] RAPL PMU: hw unit of domain pp0-core 2^-14 Joules
[   14.943014] RAPL PMU: hw unit of domain package 2^-14 Joules
[   14.943015] RAPL PMU: hw unit of domain pp1-gpu 2^-14 Joules
[   14.943016] RAPL PMU: hw unit of domain psys 2^-14 Joules
[   14.969579] input: Dell Privacy Driver as /devices/platform/PNP0C14:02/=
wmi_bus/wmi_bus-PNP0C14:02/6932965F-1671-4CEB-B988-D3AB0A901919/input/inpu=
t18
[   14.969808] input: Dell WMI hotkeys as /devices/platform/PNP0C14:02/wmi=
_bus/wmi_bus-PNP0C14:02/9DBB5994-A997-11DA-B012-B622A1EF5492/input/input19
[   15.056168] mei_me 0000:00:16.0: enabling device (0000 -> 0002)
[   15.058818] i801_smbus 0000:00:1f.4: enabling device (0000 -> 0003)
[   15.059117] i801_smbus 0000:00:1f.4: SPD Write Disable is set
[   15.059168] i801_smbus 0000:00:1f.4: SMBus using PCI interrupt
[   15.069942] i801_smbus 0000:00:1f.4: Accelerometer lis3lv02d is present=
 on SMBus but its address is unknown, skipping registration
[   15.069947] i2c i2c-14: Memory type 0x22 not supported yet, not instant=
iating SPD
[   15.102280] intel_rapl_msr: PL4 support detected.
[   15.107239] intel_rapl_common: Found RAPL domain package
[   15.107242] intel_rapl_common: Found RAPL domain core
[   15.107243] intel_rapl_common: Found RAPL domain uncore
[   15.107245] intel_rapl_common: Found RAPL domain psys
[   15.107374] e1000e 0000:00:1f.6 0000:00:1f.6 (uninitialized): registere=
d PHC clock
[   15.107861] dell_laptop: Using i8042 filter function for receiving even=
ts
[   15.192508] e1000e 0000:00:1f.6 eth0: (PCI Express:2.5GT/s:Width x1) c8=
:4b:d6:74:32:58
[   15.192512] e1000e 0000:00:1f.6 eth0: Intel(R) PRO/1000 Network Connect=
ion
[   15.192706] e1000e 0000:00:1f.6 eth0: MAC: 15, PHY: 12, PBA No: FFFFFF-=
0FF
[   15.213442] e1000e 0000:00:1f.6 enp0s31f6: renamed from eth0
[   15.216162] iTCO_vendor_support: vendor-support=3D0
[   15.216578] mei_hdcp 0000:00:16.0-b638ab7e-94e2-4ea2-a552-d1c54b627f04:=
 bound 0000:00:02.0 (ops i915_hdcp_ops [i915])
[   15.243153] cfg80211: Loading compiled-in X.509 certificates for regula=
tory database
[   15.243234] iTCO_wdt iTCO_wdt: Found a Intel PCH TCO device (Version=3D=
6, TCOBASE=3D0x0400)
[   15.243196] mei_pxp 0000:00:16.0-fbf6fcf1-96cf-4e2e-a6a6-1bab8cbe36b1: =
bound 0000:00:02.0 (ops i915_pxp_tee_component_ops [i915])
[   15.243579] Loaded X.509 cert 'sforshee: 00b28ddf47aef9cea7'
[   15.243744] Loaded X.509 cert 'wens: 61c038651aabdcf94bd0ac7ff06c7248db=
18c600'
[   15.244450] usb 3-6: Found UVC 1.00 device Integrated_Webcam_FHD (0c45:=
673c)
[   15.244643] proc_thermal_pci 0000:00:04.0: enabling device (0000 -> 000=
2)
[   15.244895] intel_rapl_common: Found RAPL domain package
[   15.245670] iTCO_wdt iTCO_wdt: initialized. heartbeat=3D30 sec (nowayou=
t=3D0)
[   15.253044] usb 3-6: Found UVC 1.00 device Integrated_Webcam_FHD (0c45:=
673c)
[   15.254861] Creating 1 MTD partitions on "0000:00:1f.5":
[   15.254864] 0x000000000000-0x000002000000 : "BIOS"
[   15.257325] usbcore: registered new interface driver uvcvideo
[   15.259635] Creating 1 MTD partitions on "0000:00:1f.5-chip1":
[   15.259640] 0x000000000000-0x000001000000 : "BIOS1"
[   15.271338] intel_tcc_cooling: TCC Offset locked
[   15.277723] Intel(R) Wireless WiFi driver for Linux
[   15.278024] iwlwifi 0000:00:14.3: enabling device (0000 -> 0002)
[   15.284416] iwlwifi 0000:00:14.3: Detected crf-id 0x400410, cnv-id 0x80=
400 wfpm id 0x80000020
[   15.284469] iwlwifi 0000:00:14.3: PCI dev 51f0/4090, rev=3D0x370, rfid=
=3D0x2010d000
[   15.312048] snd_hda_intel 0000:00:1f.3: enabling device (0000 -> 0002)
